{"version":2,"width":80,"height":24,"timestamp":1567670119}
[10.951121434000001,"o","ERROR: Type:2; Severity:40; Class:0; Subclass:6; Operation: A002\r\n"]
[12.87106899,"o","+--------------------+\r\n|                    |\r\n| Start"]
[12.965690499,"o","ing LinuxBoot |\r\n|                    |\r\n+--------------------+\r\nnum tables=0004\r\n42146F0205AD34BA\r\nFvLoader: adding firmware volume 0xFF840000\r\nFvLoader: error rc=0000000A\r\nFFFFFFFFFFFFFFFF\r\nFFFFFFFFFFFFFFFF\r\nFFFFFFFFFFFFFFFF\r\nFFFFFFFFFFFFFFFF\r\nFFFFFFFFFFFFFFFF\r\nFFFFFFFFFFFFFFFF\r\nFFFFFFFFFFFFFFFF\r\nFFFFFFFFFFFFFFFF\r\nFFFFFFFFFFFFFFFF\r\nFFFFFFFFFFFFFFFF\r\nFFFFFFFFFFFFFFFF\r\nFFFFFFFFFFFFFFFF\r\nFFFFFFFFFFFFFFFF\r\nFFFFFFFFFFFFFFFF\r\nFFFFFFFFFFFFFFFF\r\nFFFFFFFFFFFFFFFF\r\nLinuxBoot: waiting for BDS callbac"]
[12.981056879,"o","k\r\n"]
[13.29906337,"o","LinuxBoot: BDS time has arrived\r\nLinuxBoot: connect pci root bridges\r\nefi_visit_handles 2F707EBB\r\nhandle_count=00000002\r\n"]
[13.891045465,"o","LinuxBoot: search LPC "]
[13.931047267,"o","device\r\nefi_visit_handles 4CF5B200\r\nhandle_count=00000034\r\nFound LPC Bridge device\r\nBIOS_SEL1=00112233\r\nBIOS_SEL2=4567\r\nBIOS_DEC_EN1=FFCF\r\nFvLoader: adding firmware volume 0xFF320000\r\n"]
[14.928068862,"o","FVLoader: mapped 0x004E0000\r\nLinuxBoot: signal root bridges connected\r\nLinuxBoot: signal dxe end\r\nLinuxBoot: signal smm ready to lock\r\nefi_visit_handles 00000000\r\nhandle_count=00000089\r\n"]
[21.308167948,"o","LinuxBoot: bds_main dispatch\r\nLinuxBoot: signal ready to boot\r\nLinuxBoot: GetVariable BootOrder\r\nDataSize=00000006\r\nAttributes=00000007\r\nBootOrder=41D0001400120013\r\nLinuxBoot: SetVariable JVdGTest\r\n\\o/.\nLinuxBoot: Looking for bzimage\r\nLinuxBoot: FFS buffer=000000007BE8B018\r\nLinuxBoot: FFS length=002F32A0\r\nLinuxBoot: Looking for initrd\r\nLinuxBoot: FFS buffer=0000000079EB3018\r\nLinuxBoot: FFS length=004B1748\r\nLinuxBoot: Looking for a second initrd part\r\nLinuxBoot: initrd buffer=0000000079EB3018"]
[21.335406662,"o","\r\nLinuxBoot: initrd length=004B1748\r\nLinuxBoot: Starting bzImage\r\n"]
[21.67140787,"o","[    0.000000] Linux version"]
[21.757411559,"o"," 5.1.4-sesame+ (jvdg@lb-dev) (gcc version 6.3.0 20170516 (Debian 6.3.0-18+deb9u1)) #1 SMP Thu Jun 6 23:01:44 CEST 2019\r\n[    0.000000] Command line: found_initd\r\n[    0.000000] KERNEL supported cpus:\r\n[    0.000000]   Intel GenuineIntel\r\n[    0.000000]   AMD AuthenticAMD\r\n[    0.000000]   Hygon HygonGenuine\r\n[    0.000000] x86/fpu: Supporting XSAVE feature 0x001: 'x87 floating point registers'\r\n[    0.000000] x86/fpu: Supporting XSAVE feature 0x002: 'SSE registers'\r\n[    0.000000] x86/fpu: S"]
[21.843401004,"o","upporting XSAVE feature 0x004: 'AVX registers'\r\n[    0.000000] x86/fpu: xstate_offset[2]:  576, xstate_sizes[2]:  256\r\n[    0.000000] x86/fpu: Enabled xstate features 0x7, context size is 832 bytes, using 'standard' format.\r\n[    0.000000] BIOS-provided physical RAM map:\r\n[    0.000000] BIOS-e820: [mem 0x0000000000000000-0x000000000009ffff] usable\r\n[    0.000000] BIOS-e820: [mem 0x0000000000100000-0x000000007ef4dfff] usable\r\n[    0.000000] BIOS-e820: [mem 0x000000007ef4e000-0x000000007f075ff"]
[21.929293407,"o","f] ACPI NVS\r\n[    0.000000] BIOS-e820: [mem 0x000000007f076000-0x000000007f0b0fff] usable\r\n[    0.000000] BIOS-e820: [mem 0x000000007f0b1000-0x000000007f192fff] ACPI data\r\n[    0.000000] BIOS-e820: [mem 0x000000007f193000-0x000000007f1b3fff] reserved\r\n[    0.000000] BIOS-e820: [mem 0x000000007f1b4000-0x000000007f1e3fff] usable\r\n[    0.000000] BIOS-e820: [mem 0x000000007f1e4000-0x000000007f209fff] ACPI NVS\r\n[    0.000000] BIOS-e820: [mem 0x000000007f20a000-0x000000007f265fff] usable\r\n[    0.0"]
[22.015290556,"o","00000] BIOS-e820: [mem 0x000000007f266000-0x000000007f279fff] reserved\r\n[    0.000000] BIOS-e820: [mem 0x000000007f27a000-0x000000007f281fff] ACPI NVS\r\n[    0.000000] BIOS-e820: [mem 0x000000007f282000-0x000000007f285fff] reserved\r\n[    0.000000] BIOS-e820: [mem 0x000000007f286000-0x000000007f28efff] ACPI NVS\r\n[    0.000000] BIOS-e820: [mem 0x000000007f28f000-0x000000007f355fff] reserved\r\n[    0.000000] BIOS-e820: [mem 0x000000007f356000-0x000000007f356fff] usable\r\n[    0.000000] BIOS-e820: "]
[22.101308449,"o","[mem 0x000000007f357000-0x000000007f3dcfff] ACPI NVS\r\n[    0.000000] BIOS-e820: [mem 0x000000007f3dd000-0x000000007f7fffff] usable\r\n[    0.000000] BIOS-e820: [mem 0x0000000080000000-0x000000008fffffff] reserved\r\n[    0.000000] BIOS-e820: [mem 0x00000000fed1c000-0x00000000fed1ffff] reserved\r\n[    0.000000] BIOS-e820: [mem 0x00000000ff000000-0x00000000ffffffff] reserved\r\n[    0.000000] BIOS-e820: [mem 0x0000000100000000-0x000000107fffffff] usable\r\n[    0.000000] printk: bootconsole [earlyser0]"]
[22.187280245,"o"," enabled\r\n[    0.000000] NX (Execute Disable) protection: active\r\n[    0.000000] extended physical RAM map:\r\n[    0.000000] reserve setup_data: [mem 0x0000000000000000-0x000000000009ffff] usable\r\n[    0.000000] reserve setup_data: [mem 0x0000000000100000-0x000000007c710017] usable\r\n[    0.000000] reserve setup_data: [mem 0x000000007c710018-0x000000007c71f857] usable\r\n[    0.000000] reserve setup_data: [mem 0x000000007c71f858-0x000000007c720017] usable\r\n[    0.000000] reserve setup_data: [mem"]
[22.273279444,"o"," 0x000000007c720018-0x000000007c73a657] usable\r\n[    0.000000] reserve setup_data: [mem 0x000000007c73a658-0x000000007c73b017] usable\r\n[    0.000000] reserve setup_data: [mem 0x000000007c73b018-0x000000007c765857] usable\r\n[    0.000000] reserve setup_data: [mem 0x000000007c765858-0x000000007ef4dfff] usable\r\n[    0.000000] reserve setup_data: [mem 0x000000007ef4e000-0x000000007f075fff] ACPI NVS\r\n[    0.000000] reserve setup_data: [mem 0x000000007f076000-0x000000007f0b0fff] usable\r\n[    0.0000"]
[22.359158486,"o","00] reserve setup_data: [mem 0x000000007f0b1000-0x000000007f192fff] ACPI data\r\n[    0.000000] reserve setup_data: [mem 0x000000007f193000-0x000000007f1b3fff] reserved\r\n[    0.000000] reserve setup_data: [mem 0x000000007f1b4000-0x000000007f1e3fff] usable\r\n[    0.000000] reserve setup_data: [mem 0x000000007f1e4000-0x000000007f209fff] ACPI NVS\r\n[    0.000000] reserve setup_data: [mem 0x000000007f20a000-0x000000007f265fff] usable\r\n[    0.000000] reserve setup_data: [mem 0x000000007f266000-0x0000"]
[22.445159433,"o","00007f279fff] reserved\r\n[    0.000000] reserve setup_data: [mem 0x000000007f27a000-0x000000007f281fff] ACPI NVS\r\n[    0.000000] reserve setup_data: [mem 0x000000007f282000-0x000000007f285fff] reserved\r\n[    0.000000] reserve setup_data: [mem 0x000000007f286000-0x000000007f28efff] ACPI NVS\r\n[    0.000000] reserve setup_data: [mem 0x000000007f28f000-0x000000007f355fff] reserved\r\n[    0.000000] reserve setup_data: [mem 0x000000007f356000-0x000000007f356fff] usable\r\n[    0.000000] reserve setup_"]
[22.531149032,"o","data: [mem 0x000000007f357000-0x000000007f3dcfff] ACPI NVS\r\n[    0.000000] reserve setup_data: [mem 0x000000007f3dd000-0x000000007f7fffff] usable\r\n[    0.000000] reserve setup_data: [mem 0x0000000080000000-0x000000008fffffff] reserved\r\n[    0.000000] reserve setup_data: [mem 0x00000000fed1c000-0x00000000fed1ffff] reserved\r\n[    0.000000] reserve setup_data: [mem 0x00000000ff000000-0x00000000ffffffff] reserved\r\n[    0.000000] reserve setup_data: [mem 0x0000000100000000-0x000000107fffffff] usa"]
[22.568407629,"o","ble\r\n[    0.000000] efi: EFI v2.31 by American Megatrends\r\n[    0.000000] efi:  ACPI=0x7f0b1000  ACPI 2.0=0x7f0b1000 \r\n[    0.000000] DMI not present or invalid.\r\n"]
[22.584400242,"o","[    0.000000"]
[22.646414704,"o","] tsc: Fast TSC calibration using PIT\r\n[    0.000000] tsc: Detected 2800.059 MHz processor\r\n[    0.000469] last_pfn = 0x1080000 max_arch_pfn = 0x400000000\r\n[    0.014593] x86/PAT: Configuration [0-7]: WB  WC  UC- UC  WB  WP  UC- WT  \r\n[    0.028545] last_pfn = 0x7f800 max_arch_pfn = 0x400000000\r\n"]
[22.662414446,"o","[    0.052203] Using GB pages for direct mapping\r\n[    0"]
[22.748280035,"o",".061335] Secure boot disabled\r\n[    0.067443] RAMDISK: [mem 0x79eb3018-0x7a364fff]\r\n[    0.076633] ACPI: Early table checksum verification disabled\r\n[    0.087899] ACPI: RSDP 0x000000007F0B1000 000024 (v02 ALASKA)\r\n[    0.099337] ACPI: XSDT 0x000000007F0B1078 00006C (v01 ALASKA A M I    01072009 AMI  00010013)\r\n[    0.116326] ACPI: FACP 0x000000007F0C0DF8 00010C (v05 ALASKA A M I    01072009 AMI  00010013)\r\n[    0.133310] ACPI: DSDT 0x000000007F0B1170 00FC86 (v02 ALASKA A M I    00000B11 INT"]
[22.834307565,"o","L 20051117)\r\n[    0.150294] ACPI: FACS 0x000000007F286080 000040\r\n[    0.159480] ACPI: APIC 0x000000007F0C0F08 000294 (v03 ALASKA A M I    01072009 AMI  00010013)\r\n[    0.176468] ACPI: FPDT 0x000000007F0C11A0 000044 (v01 ALASKA A M I    01072009 AMI  00010013)\r\n[    0.193452] ACPI: MCFG 0x000000007F0C11E8 00003C (v01 ALASKA OEMMCFG. 01072009 MSFT 00000097)\r\n[    0.210438] ACPI: SRAT 0x000000007F0C1228 000530 (v01 A M I  AMI SRAT 00000001 AMI. 00000000)\r\n[    0.227425] ACPI: SLIT 0x000000007F"]
[22.920653977,"o","0C1758 000030 (v01 A M I  AMI SLIT 00000000 AMI. 00000000)\r\n[    0.244410] ACPI: BDAT 0x000000007F0C1788 000030 (v01 A M I           00000000 AMI. 00000000)\r\n[    0.261397] ACPI: HPET 0x000000007F0C17B8 000038 (v01 ALASKA A M I    01072009 AMI. 00000005)\r\n[    0.278384] ACPI: SSDT 0x000000007F0C17F0 0D0CB0 (v02 INTEL  CpuPm    00004000 INTL 20051117)\r\n[    0.296076] Zone ranges:\r\n[    0.300794]   DMA      [mem 0x0000000000001000-0x0000000000ffffff]\r\n[    0.313101]   DMA32    [mem 0x000000000"]
[23.006674036,"o","1000000-0x00000000ffffffff]\r\n[    0.325408]   Normal   [mem 0x0000000100000000-0x000000107fffffff]\r\n[    0.337713] Movable zone start for each node\r\n[    0.346206] Early memory node ranges\r\n[    0.353313]   node   0: [mem 0x0000000000001000-0x000000000009ffff]\r\n[    0.365793]   node   0: [mem 0x0000000000100000-0x000000007ef4dfff]\r\n[    0.378272]   node   0: [mem 0x000000007f076000-0x000000007f0b0fff]\r\n[    0.390752]   node   0: [mem 0x000000007f1b4000-0x000000007f1e3fff]\r\n[    0.403231]   n"]
[23.086404202,"o","ode   0: [mem 0x000000007f20a000-0x000000007f265fff]\r\n[    0.415711]   node   0: [mem 0x000000007f356000-0x000000007f356fff]\r\n[    0.428191]   node   0: [mem 0x000000007f3dd000-0x000000007f7fffff]\r\n[    0.440671]   node   0: [mem 0x0000000100000000-0x000000107fffffff]\r\n[    0.453286] Zeroed struct page in unavailable ranges: 3112 pages\r\n[    0.453287] Initmem setup node 0 [mem 0x0000000000001000-0x000000107fffffff]\r\n"]
[23.557023387,"o","[    0.871039] ACPI: PM-Timer IO Port: 0x408\r\n[    0.878722] ACPI: LAPIC_NMI (acpi_id[0x00] high edge lint[0x1])\r\n[    0.890493] ACPI: LAPIC_NMI (acpi_id[0x02] high edge lint[0x1])\r\n[    0.902280] ACPI: LAPIC_NMI (acpi_id[0x04] high edge lint[0x1])\r\n[    0.914066] ACPI: LAPIC_NMI (acpi_id[0x06] high edge lint[0x1])\r\n[    0.925853] ACPI: LAPIC_NMI (acpi_id[0x08] high edge lint[0x1])\r\n[    0.937639] ACPI: LAPIC_NMI (acpi_id[0x0a] high edge lint[0x1])\r\n[    0.949425] ACPI: LAPIC_NMI (acpi_id[0x"]
[23.642920075,"o","0c] high edge lint[0x1])\r\n[    0.961212] ACPI: LAPIC_NMI (acpi_id[0x0e] high edge lint[0x1])\r\n[    0.972998] ACPI: LAPIC_NMI (acpi_id[0x10] high edge lint[0x1])\r\n[    0.984784] ACPI: LAPIC_NMI (acpi_id[0x12] high edge lint[0x1])\r\n[    0.996570] ACPI: LAPIC_NMI (acpi_id[0x14] high edge lint[0x1])\r\n[    1.008358] ACPI: LAPIC_NMI (acpi_id[0x16] high edge lint[0x1])\r\n[    1.020144] ACPI: LAPIC_NMI (acpi_id[0x18] high edge lint[0x1])\r\n[    1.031930] ACPI: LAPIC_NMI (acpi_id[0x1a] high edge lint[0"]
[23.728909711,"o","x1])\r\n[    1.043716] ACPI: LAPIC_NMI (acpi_id[0x1c] high edge lint[0x1])\r\n[    1.055503] ACPI: LAPIC_NMI (acpi_id[0x1e] high edge lint[0x1])\r\n[    1.067289] ACPI: LAPIC_NMI (acpi_id[0x20] high edge lint[0x1])\r\n[    1.079075] ACPI: LAPIC_NMI (acpi_id[0x22] high edge lint[0x1])\r\n[    1.090862] ACPI: LAPIC_NMI (acpi_id[0x24] high edge lint[0x1])\r\n[    1.102648] ACPI: LAPIC_NMI (acpi_id[0x26] high edge lint[0x1])\r\n[    1.114434] ACPI: LAPIC_NMI (acpi_id[0x01] high edge lint[0x1])\r\n[    1.126221]"]
[23.814901545,"o"," ACPI: LAPIC_NMI (acpi_id[0x03] high edge lint[0x1])\r\n[    1.138007] ACPI: LAPIC_NMI (acpi_id[0x05] high edge lint[0x1])\r\n[    1.149793] ACPI: LAPIC_NMI (acpi_id[0x07] high edge lint[0x1])\r\n[    1.161579] ACPI: LAPIC_NMI (acpi_id[0x09] high edge lint[0x1])\r\n[    1.173367] ACPI: LAPIC_NMI (acpi_id[0x0b] high edge lint[0x1])\r\n[    1.185153] ACPI: LAPIC_NMI (acpi_id[0x0d] high edge lint[0x1])\r\n[    1.196938] ACPI: LAPIC_NMI (acpi_id[0x0f] high edge lint[0x1])\r\n[    1.208726] ACPI: LAPIC_NMI (ac"]
[23.900904635,"o","pi_id[0x11] high edge lint[0x1])\r\n[    1.220512] ACPI: LAPIC_NMI (acpi_id[0x13] high edge lint[0x1])\r\n[    1.232298] ACPI: LAPIC_NMI (acpi_id[0x15] high edge lint[0x1])\r\n[    1.244085] ACPI: LAPIC_NMI (acpi_id[0x17] high edge lint[0x1])\r\n[    1.255871] ACPI: LAPIC_NMI (acpi_id[0x19] high edge lint[0x1])\r\n[    1.267657] ACPI: LAPIC_NMI (acpi_id[0x1b] high edge lint[0x1])\r\n[    1.279443] ACPI: LAPIC_NMI (acpi_id[0x1d] high edge lint[0x1])\r\n[    1.291230] ACPI: LAPIC_NMI (acpi_id[0x1f] high edg"]
[23.986928741,"o","e lint[0x1])\r\n[    1.303016] ACPI: LAPIC_NMI (acpi_id[0x21] high edge lint[0x1])\r\n[    1.314802] ACPI: LAPIC_NMI (acpi_id[0x23] high edge lint[0x1])\r\n[    1.326590] ACPI: LAPIC_NMI (acpi_id[0x25] high edge lint[0x1])\r\n[    1.338376] ACPI: LAPIC_NMI (acpi_id[0x27] high edge lint[0x1])\r\n[    1.350164] ACPI: Skipping IOAPIC probe due to 'noapic' option.\r\n[    1.361949] Using ACPI for processor (LAPIC) configuration information\r\n[    1.374949] ACPI: HPET id: 0x8086a701 base: 0xfed00000\r\n[    1.3"]
[24.073154749,"o","85181] smpboot: 40 Processors exceeds max_cpus limit of 0\r\n[    1.396788] smpboot: Allowing 1 CPUs, 0 hotplug CPUs\r\n[    1.406689] [mem 0x90000000-0xfed1bfff] available for PCI devices\r\n[    1.418804] clocksource: refined-jiffies: mask: 0xffffffff max_cycles: 0xffffffff, max_idle_ns: 7645519600211568 ns\r\n[    1.439610] random: get_random_bytes called from start_kernel+0x8a/0x43e with crng_init=0\r\n[    1.455899] setup_percpu: NR_CPUS:64 nr_cpumask_bits:64 nr_cpu_ids:1 nr_node_ids:1\r\n[    1.47"]
[24.131274241,"o","1594] percpu: Embedded 41 pages/cpu s130712 r8192 d29032 u2097152\r\n[    1.484483] Built 1 zonelists, mobility grouping on.  Total pages: 16511985\r\n[    1.498326] Kernel command line: earlyprintk=serial,ttyS0,57600 console=ttyS0,57600 nosmp found_initd\r\n"]
[24.147282301,"o","[    1.536926] Dentry cache hash table entries: 8388608 (ord"]
[24.163277353,"o","er: 14, 67108864 bytes)\r\n[    1.56"]
[24.189268305,"o","1730] Inode-cache hash table entries: 4194304 (order: 13, 33554432 bytes)\r\n"]
[24.581043780999998,"o","[    1.895086] Memory: 65814752K/67096416K available (8195K kernel code, 540K rwdata, 1704K rodata, 916K init, 544K bss, 1281664K reserved, 0K cma-reserved)\r\n[    1.922234] SLUB: HWalign=64, Order=0-3, MinObjects=0, CPUs=1, Nodes=1\r\n[    1.935165] Kernel/User page tables isolation: enabled\r\n[    1.945448] rcu: Hierarchical RCU implementation.\r\n[    1.954751] rcu: \tRCU restricting CPUs from NR_CPUS=64 to nr_cpu_ids=1.\r\n[    1.967925] rcu: RCU calculated value of scheduler-enlistment delay is "]
[24.667908784,"o","25 jiffies.\r\n[    1.983002] rcu: Adjusting geometry for rcu_fanout_leaf=16, nr_cpu_ids=1\r\n[    1.996360] NR_IRQS: 4352, nr_irqs: 32, preallocated irqs: 16\r\n[    2.008003] printk: console [ttyS0] enabled\r\n[    2.008003] printk: console [ttyS0] enabled\r\n[    2.024447] printk: bootconsole [earlyser0] disabled\r\n[    2.024447] printk: bootconsole [earlyser0] disabled\r\n[    2.044227] ACPI: Core revision 20190215\r\n[    2.053101] ACPI: setting ELCR to 0200 (from 0000)\r\n[    2.062746] clocksource: hp"]
[24.756046511,"o","et: mask: 0xffffffff max_cycles: 0xffffffff, max_idle_ns: 133484882848 ns\r\n[    2.080993] APIC: SMP mode deactivated\r\n[    2.088486] APIC: Switch to symmetric I/O mode setup in no SMP routine\r\n[    2.101530] clocksource: tsc-early: mask: 0xffffffffffffffff max_cycles: 0x285c782a053, max_idle_ns: 440795212551 ns\r\n[    2.122547] Calibrating delay loop (skipped), value calculated using timer frequency.. 5600.11 BogoMIPS (lpj=11200236)\r\n[    2.126539] pid_max: default: 4096 minimum: 301\r\n[    2."]
[24.84279914,"o","136381] Mount-cache hash table entries: 131072 (order: 8, 1048576 bytes)\r\n[    2.142695] Mountpoint-cache hash table entries: 131072 (order: 8, 1048576 bytes)\r\n[    2.146673] *** VALIDATE proc ***\r\n[    2.150590] *** VALIDATE cgroup1 ***\r\n[    2.154540] *** VALIDATE cgroup2 ***\r\n[    2.158575] mce: CPU supports 27 MCE banks\r\n[    2.162558] mce: CPU0: Thermal monitoring enabled (TM1)\r\n[    2.166582] process: using mwait in idle threads\r\n[    2.170540] Last level iTLB entries: 4KB 512, 2MB 8, "]
[24.932029296,"o","4MB 8\r\n[    2.174537] Last level dTLB entries: 4KB 512, 2MB 0, 4MB 0, 1GB 4\r\n[    2.178538] Spectre V2 : Mitigation: Full generic retpoline\r\n[    2.182537] Spectre V2 : Spectre v2 / SpectreRSB mitigation: Filling RSB on context switch\r\n[    2.186538] Speculative Store Bypass: Vulnerable\r\n[    2.190547] MDS: Vulnerable: Clear CPU buffers attempted, no microcode\r\n[    2.197057] Freeing SMP alternatives memory: 12K\r\n[    2.198746] smpboot: SMP disabled\r\n[    2.202661] Performance Events: PEBS f"]
[25.018303816,"o","mt1+, IvyBridge events, 16-deep LBR, full-width counters, Intel PMU driver.\r\n[    2.206541] ... version:                3\r\n[    2.210536] ... bit width:              48\r\n[    2.214536] ... generic registers:      4\r\n[    2.218536] ... value mask:             0000ffffffffffff\r\n[    2.222536] ... max period:             00007fffffffffff\r\n[    2.226537] ... fixed-purpose events:   3\r\n[    2.230537] ... event mask:             000000070000000f\r\n[    2.234579] rcu: Hierarchical SRCU implementatio"]
[25.109644179,"o","n.\r\n[    2.238995] NMI watchdog: Enabled. Permanently consumes one hw-PMU counter.\r\n[    2.242568] smp: Bringing up secondary CPUs ...\r\n[    2.246538] smp: Brought up 1 node, 1 CPU\r\n[    2.250537] smpboot: Max logical packages: 40\r\n[    2.254537] smpboot: Total of 1 processors activated (5600.11 BogoMIPS)\r\n[    2.262972] devtmpfs: initialized\r\n[    2.266689] clocksource: jiffies: mask: 0xffffffff max_cycles: 0xffffffff, max_idle_ns: 7645041785100000 ns\r\n[    2.270539] futex hash table entrie"]
[25.19642188,"o","s: 16 (order: -2, 1024 bytes)\r\n[    2.274659] NET: Registered protocol family 16\r\n[    2.278650] cpuidle: using governor menu\r\n[    2.282580] ACPI: bus type PCI registered\r\n[    2.286549] PCI: MMCONFIG for domain 0000 [bus 00-ff] at [mem 0x80000000-0x8fffffff] (base 0x80000000)\r\n[    2.290539] PCI: MMCONFIG at [mem 0x80000000-0x8fffffff] reserved in E820\r\n[    2.294541] pmd_set_huge: Cannot satisfy [mem 0x80000000-0x80200000] with a huge-page mapping due to MTRR override.\r\n[    2.298909] PCI"]
[25.283666723,"o",": Using configuration type 1 for base access\r\n[    2.302572] core: PMU erratum BJ122, BV98, HSD29 workaround disabled, HT off\r\n[    2.307383] HugeTLB registered 2.00 MiB page size, pre-allocated 0 pages\r\n[    2.310575] cryptd: max_cpu_qlen set to 1000\r\n[    2.314595] ACPI: Added _OSI(Module Device)\r\n[    2.318539] ACPI: Added _OSI(Processor Device)\r\n[    2.322536] ACPI: Added _OSI(3.0 _SCP Extensions)\r\n[    2.326536] ACPI: Added _OSI(Processor Aggregator Device)\r\n[    2.330548] ACPI: Added _"]
[25.320283515,"o","OSI(Linux-Dell-Video)\r\n[    2.334537] ACPI: Added _OSI(Linux-Lenovo-NV-HDMI-Audio)\r\n[    2.338536] ACPI: Added _OSI(Linux-HPI-Hybrid-Graphics)\r\n"]
[25.480280278,"o","[    2."]
[25.506276912,"o","512781] ACPI: 2 ACPI AML tables successfully acquired and loaded\r\n"]
[25.522265548,"o","[    2.539398] ACPI: Interpreter"]
[25.581270706,"o"," enabled\r\n[    2.542542] ACPI: (supports S0 S5)\r\n[    2.546538] ACPI: Using PIC for interrupt routing\r\n[    2.550565] PCI: Using host bridge windows from ACPI; if necessary, use \"pci=nocrs\" and report a bug\r\n[    2.555251] ACPI: Enabled 5 GPEs in block 00 to 3F\r\n"]
[25.597268335,"o","[    2.580448] ACPI: PCI Root Bridge ["]
[25.683771418,"o","PCI0] (domain 0000 [bus 00-7e])\r\n[    2.582542] acpi PNP0A08:00: _OSC: OS supports [ExtendedConfig Segments MSI]\r\n[    2.586639] acpi PNP0A08:00: PCIe port services disabled; not requesting _OSC control\r\n[    2.590783] PCI host bridge to bus 0000:00\r\n[    2.594539] pci_bus 0000:00: root bus resource [io  0x0000-0x03af window]\r\n[    2.598537] pci_bus 0000:00: root bus resource [io  0x03e0-0x0cf7 window]\r\n[    2.602537] pci_bus 0000:00: root bus resource [io  0x03b0-0x03df window]\r\n[    2.6065"]
[25.775275069,"o","37] pci_bus 0000:00: root bus resource [io  0x0d00-0x9fff window]\r\n[    2.610537] pci_bus 0000:00: root bus resource [mem 0x000a0000-0x000bffff window]\r\n[    2.614537] pci_bus 0000:00: root bus resource [mem 0x000c0000-0x000dffff window]\r\n[    2.618537] pci_bus 0000:00: root bus resource [mem 0x80000000-0xdfffffff window]\r\n[    2.622538] pci_bus 0000:00: root bus resource [bus 00-7e]\r\n[    2.627639] pci 0000:00:03.0: enabling Extended Tags\r\n[    2.635791] pci 0000:00:01.0: PCI bridge t"]
[25.865395698,"o","o [bus 01]\r\n[    2.638610] pci 0000:00:02.0: PCI bridge to [bus 02]\r\n[    2.642605] pci 0000:00:02.1: PCI bridge to [bus 03]\r\n[    2.646606] pci 0000:00:02.2: PCI bridge to [bus 04]\r\n[    2.650606] pci 0000:00:02.3: PCI bridge to [bus 05]\r\n[    2.654608] pci 0000:00:03.0: PCI bridge to [bus 06]\r\n[    2.658605] pci 0000:00:03.1: PCI bridge to [bus 07]\r\n[    2.665793] pci 0000:00:03.2: PCI bridge to [bus 08]\r\n[    2.666612] pci 0000:00:03.3: PCI bridge to [bus 09]\r\n[    2.670666] pci 0000:0a:0"]
[25.953059577,"o","0.0: enabling Extended Tags\r\n[    2.674631] pci 0000:0a:00.0: VF(n) BAR0 space: [mem 0xdf400000-0xdf47bfff 64bit pref] (contains BAR0 for 31 VFs)\r\n[    2.678692] pci 0000:00:11.0: PCI bridge to [bus 0a]\r\n[    2.682640] pci 0000:00:1c.0: PCI bridge to [bus 0b]\r\n[    2.686974] pci 0000:00:1c.6: PCI bridge to [bus 0c]\r\n[    2.690564] pci_bus 0000:0d: extended config space not accessible\r\n[    2.694580] pci 0000:00:1e.0: PCI bridge to [bus 0d] (subtractive decode)\r\n[    2.699162] ACPI: PCI Root "]
[26.041905273,"o","Bridge [UNC0] (domain 0000 [bus 7f])\r\n[    2.702540] acpi PNP0A03:00: _OSC: OS supports [ExtendedConfig Segments MSI]\r\n[    2.706547] acpi PNP0A03:00: PCIe port services disabled; not requesting _OSC control\r\n[    2.710586] PCI host bridge to bus 0000:7f\r\n[    2.714538] pci_bus 0000:7f: root bus resource [bus 7f]\r\n[    2.721015] ACPI: PCI Root Bridge [PCI1] (domain 0000 [bus 80-fe])\r\n[    2.722540] acpi PNP0A08:01: _OSC: OS supports [ExtendedConfig Segments MSI]\r\n[    2.726637] acpi PNP0A08:"]
[26.130528043,"o","01: PCIe port services disabled; not requesting _OSC control\r\n[    2.730704] PCI host bridge to bus 0000:80\r\n[    2.734538] pci_bus 0000:80: root bus resource [io  0xa000-0xffff window]\r\n[    2.738537] pci_bus 0000:80: root bus resource [mem 0xe0000000-0xfbffffff window]\r\n[    2.742538] pci_bus 0000:80: root bus resource [bus 80-fe]\r\n[    2.748649] pci 0000:80:00.0: PCI bridge to [bus 81]\r\n[    2.750633] ACPI: PCI Root Bridge [UNC1] (domain 0000 [bus ff])\r\n[    2.754539] acpi PNP0A03:01: _OS"]
[26.219670216,"o","C: OS supports [ExtendedConfig Segments MSI]\r\n[    2.758547] acpi PNP0A03:01: PCIe port services disabled; not requesting _OSC control\r\n[    2.762585] PCI host bridge to bus 0000:ff\r\n[    2.766538] pci_bus 0000:ff: root bus resource [bus ff]\r\n[    2.773390] ACPI: PCI Interrupt Link [LNKA] (IRQs 3 4 5 6 7 10 11 12 14 15) *0, disabled.\r\n[    2.774596] ACPI: PCI Interrupt Link [LNKB] (IRQs 3 4 5 6 7 10 11 12 14 15) *0, disabled.\r\n[    2.778594] ACPI: PCI Interrupt Link [LNKC] (IRQs 3 4 5 6 10 1"]
[26.306393347,"o","1 12 14 15) *0, disabled.\r\n[    2.782594] ACPI: PCI Interrupt Link [LNKD] (IRQs 3 4 5 6 10 11 12 14 15) *0, disabled.\r\n[    2.786594] ACPI: PCI Interrupt Link [LNKE] (IRQs 3 4 5 6 7 10 11 12 14 15) *0, disabled.\r\n[    2.790594] ACPI: PCI Interrupt Link [LNKF] (IRQs 3 4 5 6 7 10 11 12 14 15) *0, disabled.\r\n[    2.794594] ACPI: PCI Interrupt Link [LNKG] (IRQs 3 4 5 6 7 10 11 12 14 15) *0, disabled.\r\n[    2.798594] ACPI: PCI Interrupt Link [LNKH] (IRQs 3 4 5 6 7 10 11 12 14 15) *0, disabled.\r\n["]
[26.392911428,"o","    2.802811] APIC: NR_CPUS/possible_cpus limit of 1 reached. Processor 1/0x1 ignored.\r\n[    2.806537] ACPI: Unable to map lapic to logical cpu number\r\n[    2.810641] APIC: NR_CPUS/possible_cpus limit of 1 reached. Processor 2/0x2 ignored.\r\n[    2.814540] ACPI: Unable to map lapic to logical cpu number\r\n[    2.818648] APIC: NR_CPUS/possible_cpus limit of 1 reached. Processor 3/0x3 ignored.\r\n[    2.822538] ACPI: Unable to map lapic to logical cpu number\r\n[    2.826646] APIC: NR_CPUS/possible_"]
[26.479401308,"o","cpus limit of 1 reached. Processor 4/0x4 ignored.\r\n[    2.830538] ACPI: Unable to map lapic to logical cpu number\r\n[    2.834645] APIC: NR_CPUS/possible_cpus limit of 1 reached. Processor 5/0x5 ignored.\r\n[    2.838538] ACPI: Unable to map lapic to logical cpu number\r\n[    2.842645] APIC: NR_CPUS/possible_cpus limit of 1 reached. Processor 6/0x6 ignored.\r\n[    2.846538] ACPI: Unable to map lapic to logical cpu number\r\n[    2.850645] APIC: NR_CPUS/possible_cpus limit of 1 reached. Processor 7/"]
[26.5658948,"o","0x7 ignored.\r\n[    2.854538] ACPI: Unable to map lapic to logical cpu number\r\n[    2.858644] APIC: NR_CPUS/possible_cpus limit of 1 reached. Processor 8/0x8 ignored.\r\n[    2.862538] ACPI: Unable to map lapic to logical cpu number\r\n[    2.866644] APIC: NR_CPUS/possible_cpus limit of 1 reached. Processor 9/0x9 ignored.\r\n[    2.870538] ACPI: Unable to map lapic to logical cpu number\r\n[    2.874645] APIC: NR_CPUS/possible_cpus limit of 1 reached. Processor 10/0x10 ignored.\r\n[    2.878538] ACPI: "]
[26.652401974,"o","Unable to map lapic to logical cpu number\r\n[    2.882643] APIC: NR_CPUS/possible_cpus limit of 1 reached. Processor 11/0x11 ignored.\r\n[    2.886538] ACPI: Unable to map lapic to logical cpu number\r\n[    2.890647] APIC: NR_CPUS/possible_cpus limit of 1 reached. Processor 12/0x12 ignored.\r\n[    2.894538] ACPI: Unable to map lapic to logical cpu number\r\n[    2.898645] APIC: NR_CPUS/possible_cpus limit of 1 reached. Processor 13/0x13 ignored.\r\n[    2.902538] ACPI: Unable to map lapic to logical "]
[26.739054282,"o","cpu number\r\n[    2.906644] APIC: NR_CPUS/possible_cpus limit of 1 reached. Processor 14/0x14 ignored.\r\n[    2.910538] ACPI: Unable to map lapic to logical cpu number\r\n[    2.914645] APIC: NR_CPUS/possible_cpus limit of 1 reached. Processor 15/0x15 ignored.\r\n[    2.918538] ACPI: Unable to map lapic to logical cpu number\r\n[    2.922644] APIC: NR_CPUS/possible_cpus limit of 1 reached. Processor 16/0x16 ignored.\r\n[    2.926538] ACPI: Unable to map lapic to logical cpu number\r\n[    2.930643] APIC"]
[26.826027822,"o",": NR_CPUS/possible_cpus limit of 1 reached. Processor 17/0x17 ignored.\r\n[    2.934538] ACPI: Unable to map lapic to logical cpu number\r\n[    2.938644] APIC: NR_CPUS/possible_cpus limit of 1 reached. Processor 18/0x18 ignored.\r\n[    2.942538] ACPI: Unable to map lapic to logical cpu number\r\n[    2.946644] APIC: NR_CPUS/possible_cpus limit of 1 reached. Processor 19/0x19 ignored.\r\n[    2.950538] ACPI: Unable to map lapic to logical cpu number\r\n[    2.955135] APIC: NR_CPUS/possible_cpus limit o"]
[26.912533663,"o","f 1 reached. Processor 20/0x20 ignored.\r\n[    2.958538] ACPI: Unable to map lapic to logical cpu number\r\n[    2.962646] APIC: NR_CPUS/possible_cpus limit of 1 reached. Processor 21/0x21 ignored.\r\n[    2.966538] ACPI: Unable to map lapic to logical cpu number\r\n[    2.970645] APIC: NR_CPUS/possible_cpus limit of 1 reached. Processor 22/0x22 ignored.\r\n[    2.974538] ACPI: Unable to map lapic to logical cpu number\r\n[    2.978645] APIC: NR_CPUS/possible_cpus limit of 1 reached. Processor 23/0x23 "]
[26.999029837,"o","ignored.\r\n[    2.982538] ACPI: Unable to map lapic to logical cpu number\r\n[    2.986646] APIC: NR_CPUS/possible_cpus limit of 1 reached. Processor 24/0x24 ignored.\r\n[    2.990538] ACPI: Unable to map lapic to logical cpu number\r\n[    2.994645] APIC: NR_CPUS/possible_cpus limit of 1 reached. Processor 25/0x25 ignored.\r\n[    2.998538] ACPI: Unable to map lapic to logical cpu number\r\n[    3.002645] APIC: NR_CPUS/possible_cpus limit of 1 reached. Processor 26/0x26 ignored.\r\n[    3.006538] ACPI: "]
[27.085526046,"o","Unable to map lapic to logical cpu number\r\n[    3.010644] APIC: NR_CPUS/possible_cpus limit of 1 reached. Processor 27/0x27 ignored.\r\n[    3.014538] ACPI: Unable to map lapic to logical cpu number\r\n[    3.018646] APIC: NR_CPUS/possible_cpus limit of 1 reached. Processor 28/0x28 ignored.\r\n[    3.022538] ACPI: Unable to map lapic to logical cpu number\r\n[    3.026645] APIC: NR_CPUS/possible_cpus limit of 1 reached. Processor 29/0x29 ignored.\r\n[    3.030538] ACPI: Unable to map lapic to logical "]
[27.17214613,"o","cpu number\r\n[    3.034643] APIC: NR_CPUS/possible_cpus limit of 1 reached. Processor 30/0x30 ignored.\r\n[    3.038538] ACPI: Unable to map lapic to logical cpu number\r\n[    3.042645] APIC: NR_CPUS/possible_cpus limit of 1 reached. Processor 31/0x31 ignored.\r\n[    3.046538] ACPI: Unable to map lapic to logical cpu number\r\n[    3.050644] APIC: NR_CPUS/possible_cpus limit of 1 reached. Processor 32/0x32 ignored.\r\n[    3.054538] ACPI: Unable to map lapic to logical cpu number\r\n[    3.058645] APIC"]
[27.258674637,"o",": NR_CPUS/possible_cpus limit of 1 reached. Processor 33/0x33 ignored.\r\n[    3.062538] ACPI: Unable to map lapic to logical cpu number\r\n[    3.066644] APIC: NR_CPUS/possible_cpus limit of 1 reached. Processor 34/0x34 ignored.\r\n[    3.070538] ACPI: Unable to map lapic to logical cpu number\r\n[    3.074644] APIC: NR_CPUS/possible_cpus limit of 1 reached. Processor 35/0x35 ignored.\r\n[    3.078538] ACPI: Unable to map lapic to logical cpu number\r\n[    3.082646] APIC: NR_CPUS/possible_cpus limit o"]
[27.345168247,"o","f 1 reached. Processor 36/0x36 ignored.\r\n[    3.086538] ACPI: Unable to map lapic to logical cpu number\r\n[    3.090647] APIC: NR_CPUS/possible_cpus limit of 1 reached. Processor 37/0x37 ignored.\r\n[    3.094538] ACPI: Unable to map lapic to logical cpu number\r\n[    3.098645] APIC: NR_CPUS/possible_cpus limit of 1 reached. Processor 38/0x38 ignored.\r\n[    3.102538] ACPI: Unable to map lapic to logical cpu number\r\n[    3.106645] APIC: NR_CPUS/possible_cpus limit of 1 reached. Processor 39/0x39 "]
[27.43217374,"o","ignored.\r\n[    3.110538] ACPI: Unable to map lapic to logical cpu number\r\n[    3.115232] SCSI subsystem initialized\r\n[    3.118549] ACPI: bus type USB registered\r\n[    3.122554] usbcore: registered new interface driver usbfs\r\n[    3.126546] usbcore: registered new interface driver hub\r\n[    3.130546] usbcore: registered new device driver usb\r\n[    3.134553] pps_core: LinuxPPS API ver. 1 registered\r\n[    3.138536] pps_core: Software ver. 5.3.6 - Copyright 2005-2007 Rodolfo Giometti \u003cgiometti@"]
[27.471391686,"o","linux.it\u003e\r\n[    3.142539] PTP clock support registered\r\n[    3.146545] Registered efivars operations\r\n[    3.152973] PCI: Using ACPI for IRQ routing\r\n[    3.159106] clocksource: Switch"]
[27.557647454,"o","ed to clocksource tsc-early\r\n[    3.169544] *** VALIDATE hugetlbfs ***\r\n[    3.177074] pnp: PnP ACPI init\r\n[    3.183248] system 00:00: [mem 0xfc000000-0xfcffffff] has been reserved\r\n[    3.196452] system 00:00: [mem 0xfd000000-0xfdffffff] has been reserved\r\n[    3.209658] system 00:00: [mem 0xfe000000-0xfeafffff] has been reserved\r\n[    3.222867] system 00:00: [mem 0xfeb00000-0xfebfffff] has been reserved\r\n[    3.236073] system 00:00: [mem 0xfed00400-0xfed3ffff] could not be reserved\r\n[    "]
[27.644889937,"o","3.249973] system 00:00: [mem 0xfed45000-0xfedfffff] has been reserved\r\n[    3.263486] system 00:01: [io  0x0a00-0x0a3f] has been reserved\r\n[    3.275699] system 00:04: [io  0x04d0-0x04d1] has been reserved\r\n[    3.287834] system 00:07: [io  0x0400-0x0453] has been reserved\r\n[    3.299651] system 00:07: [io  0x0458-0x047f] has been reserved\r\n[    3.311469] system 00:07: [io  0x1180-0x119f] has been reserved\r\n[    3.323290] system 00:07: [io  0x0500-0x057f] has been reserved\r\n[    3.335114] sy"]
[27.725405051,"o","stem 00:07: [mem 0xfed1c000-0xfed1ffff] has been reserved\r\n[    3.348319] system 00:07: [mem 0xfec00000-0xfecfffff] has been reserved\r\n[    3.361528] system 00:07: [mem 0xfed08000-0xfed08fff] has been reserved\r\n[    3.374737] system 00:07: [mem 0xff000000-0xffffffff] has been reserved\r\n[    3.388052] system 00:08: [io  0x0454-0x0457] has been reserved\r\n[    3.400361] pnp: PnP ACPI: found 10 devices\r\n[    3.413317] clocksource: ac"]
[27.81152557,"o","pi_pm: mask: 0xffffff max_cycles: 0xffffff, max_idle_ns: 2085701024 ns\r\n[    3.431087] pci 0000:00:02.0: BAR 14: assigned [mem 0x90000000-0x901fffff]\r\n[    3.444818] pci 0000:00:02.0: BAR 15: assigned [mem 0x90200000-0x903fffff 64bit pref]\r\n[    3.460449] pci 0000:00:02.1: BAR 14: assigned [mem 0x90400000-0x905fffff]\r\n[    3.474177] pci 0000:00:02.1: BAR 15: assigned [mem 0x90600000-0x907fffff 64bit pref]\r\n[    3.489809] pci 0000:00:02.2: BAR 14: assigned [mem 0x90800000-0x909fffff]\r\n[    3."]
[27.897643471,"o","503540] pci 0000:00:02.2: BAR 15: assigned [mem 0x90a00000-0x90bfffff 64bit pref]\r\n[    3.519171] pci 0000:00:02.3: BAR 14: assigned [mem 0x90c00000-0x90dfffff]\r\n[    3.532902] pci 0000:00:02.3: BAR 15: assigned [mem 0x90e00000-0x90ffffff 64bit pref]\r\n[    3.548533] pci 0000:00:03.0: BAR 14: assigned [mem 0x91000000-0x911fffff]\r\n[    3.562264] pci 0000:00:03.0: BAR 15: assigned [mem 0x91200000-0x913fffff 64bit pref]\r\n[    3.577894] pci 0000:00:03.1: BAR 14: assigned [mem 0x91400000-0x915ffff"]
[27.983901143,"o","f]\r\n[    3.591626] pci 0000:00:03.1: BAR 15: assigned [mem 0x91600000-0x917fffff 64bit pref]\r\n[    3.607258] pci 0000:00:03.3: BAR 14: assigned [mem 0x91800000-0x919fffff]\r\n[    3.620987] pci 0000:00:03.3: BAR 15: assigned [mem 0x91a00000-0x91bfffff 64bit pref]\r\n[    3.636619] pci 0000:00:02.0: BAR 13: assigned [io  0x2000-0x2fff]\r\n[    3.648962] pci 0000:00:02.1: BAR 13: assigned [io  0x3000-0x3fff]\r\n[    3.661300] pci 0000:00:02.2: BAR 13: assigned [io  0x4000-0x4fff]\r\n[    3.673642] pci 0"]
[28.070140801,"o","000:00:02.3: BAR 13: assigned [io  0x5000-0x5fff]\r\n[    3.685984] pci 0000:00:03.0: BAR 13: assigned [io  0x6000-0x6fff]\r\n[    3.698325] pci 0000:00:03.1: BAR 13: no space for [io  size 0x1000]\r\n[    3.711012] pci 0000:00:03.1: BAR 13: failed to assign [io  size 0x1000]\r\n[    3.724392] pci 0000:00:03.2: BAR 13: no space for [io  size 0x1000]\r\n[    3.737081] pci 0000:00:03.2: BAR 13: failed to assign [io  size 0x1000]\r\n[    3.750461] pci 0000:00:03.3: BAR 13: no space for [io  size 0x1000]\r\n["]
[28.156295227,"o","    3.763150] pci 0000:00:03.3: BAR 13: failed to assign [io  size 0x1000]\r\n[    3.776532] pci 0000:00:03.3: BAR 13: assigned [io  0x2000-0x2fff]\r\n[    3.788871] pci 0000:00:03.2: BAR 13: assigned [io  0x3000-0x3fff]\r\n[    3.801211] pci 0000:00:03.1: BAR 13: assigned [io  0x4000-0x4fff]\r\n[    3.813554] pci 0000:00:03.0: BAR 13: assigned [io  0x5000-0x5fff]\r\n[    3.825895] pci 0000:00:02.3: BAR 13: assigned [io  0x6000-0x6fff]\r\n[    3.838235] pci 0000:00:02.2: BAR 13: no space for [io  size 0"]
[28.242527952,"o","x1000]\r\n[    3.850922] pci 0000:00:02.2: BAR 13: failed to assign [io  size 0x1000]\r\n[    3.864304] pci 0000:00:02.1: BAR 13: no space for [io  size 0x1000]\r\n[    3.876989] pci 0000:00:02.1: BAR 13: failed to assign [io  size 0x1000]\r\n[    3.890372] pci 0000:00:02.0: BAR 13: no space for [io  size 0x1000]\r\n[    3.903059] pci 0000:00:02.0: BAR 13: failed to assign [io  size 0x1000]\r\n[    3.916442] pci 0000:00:01.0: PCI bridge to [bus 01]\r\n[    3.926361] pci 0000:00:02.0: PCI bridge to [bus 02"]
[28.32876487,"o","]\r\n[    3.936273] pci 0000:00:02.0:   bridge window [mem 0x90000000-0x901fffff]\r\n[    3.949826] pci 0000:00:02.0:   bridge window [mem 0x90200000-0x903fffff 64bit pref]\r\n[    3.965288] pci 0000:00:02.1: PCI bridge to [bus 03]\r\n[    3.975200] pci 0000:00:02.1:   bridge window [mem 0x90400000-0x905fffff]\r\n[    3.988755] pci 0000:00:02.1:   bridge window [mem 0x90600000-0x907fffff 64bit pref]\r\n[    4.004216] pci 0000:00:02.2: PCI bridge to [bus 04]\r\n[    4.014130] pci 0000:00:02.2:   bridge win"]
[28.414903447,"o","dow [mem 0x90800000-0x909fffff]\r\n[    4.027684] pci 0000:00:02.2:   bridge window [mem 0x90a00000-0x90bfffff 64bit pref]\r\n[    4.043146] pci 0000:00:02.3: PCI bridge to [bus 05]\r\n[    4.053057] pci 0000:00:02.3:   bridge window [io  0x6000-0x6fff]\r\n[    4.065228] pci 0000:00:02.3:   bridge window [mem 0x90c00000-0x90dfffff]\r\n[    4.078782] pci 0000:00:02.3:   bridge window [mem 0x90e00000-0x90ffffff 64bit pref]\r\n[    4.094243] pci 0000:00:03.0: PCI bridge to [bus 06]\r\n[    4.104155] pci 0000"]
[28.50114943,"o",":00:03.0:   bridge window [io  0x5000-0x5fff]\r\n[    4.116325] pci 0000:00:03.0:   bridge window [mem 0x91000000-0x911fffff]\r\n[    4.129879] pci 0000:00:03.0:   bridge window [mem 0x91200000-0x913fffff 64bit pref]\r\n[    4.145340] pci 0000:00:03.1: PCI bridge to [bus 07]\r\n[    4.155252] pci 0000:00:03.1:   bridge window [io  0x4000-0x4fff]\r\n[    4.167423] pci 0000:00:03.1:   bridge window [mem 0x91400000-0x915fffff]\r\n[    4.180975] pci 0000:00:03.1:   bridge window [mem 0x91600000-0x917fffff 6"]
[28.587399131,"o","4bit pref]\r\n[    4.196439] pci 0000:00:03.2: PCI bridge to [bus 08]\r\n[    4.206350] pci 0000:00:03.2:   bridge window [io  0x3000-0x3fff]\r\n[    4.218520] pci 0000:00:03.2:   bridge window [mem 0xdfb00000-0xdfcfffff]\r\n[    4.232073] pci 0000:00:03.2:   bridge window [mem 0xde800000-0xdeffffff 64bit pref]\r\n[    4.247536] pci 0000:00:03.3: PCI bridge to [bus 09]\r\n[    4.257447] pci 0000:00:03.3:   bridge window [io  0x2000-0x2fff]\r\n[    4.269617] pci 0000:00:03.3:   bridge window [mem 0x9180000"]
[28.673538442999998,"o","0-0x919fffff]\r\n[    4.283172] pci 0000:00:03.3:   bridge window [mem 0x91a00000-0x91bfffff 64bit pref]\r\n[    4.298634] pci 0000:00:11.0: PCI bridge to [bus 0a]\r\n[    4.308547] pci 0000:00:11.0:   bridge window [io  0x8000-0x8fff]\r\n[    4.320716] pci 0000:00:11.0:   bridge window [mem 0xdfe00000-0xdfefffff]\r\n[    4.334268] pci 0000:00:11.0:   bridge window [mem 0xdf000000-0xdf4fffff 64bit pref]\r\n[    4.349732] pci 0000:00:1c.0: PCI bridge to [bus 0b]\r\n[    4.359658] pci 0000:00:1c.6: PCI brid"]
[28.76026208,"o","ge to [bus 0c]\r\n[    4.369575] pci 0000:00:1c.6:   bridge window [io  0x7000-0x7fff]\r\n[    4.381744] pci 0000:00:1c.6:   bridge window [mem 0xdfd00000-0xdfdfffff]\r\n[    4.395301] pci 0000:00:1e.0: PCI bridge to [bus 0d]\r\n[    4.405380] pci 0000:80:00.0: PCI bridge to [bus 81]\r\n[    4.415348] NET: Registered protocol family 2\r\n[    4.424156] tcp_listen_portaddr_hash hash table entries: 32768 (order: 7, 524288 bytes)\r\n[    4.440256] TCP established hash table entries: 524288 (order: 10, 419430"]
[28.848304139,"o","4 bytes)\r\n[    4.455957] TCP bind hash table entries: 65536 (order: 8, 1048576 bytes)\r\n[    4.469530] TCP: Hash tables configured (established 524288 bind 65536)\r\n[    4.482810] UDP hash table entries: 32768 (order: 8, 1048576 bytes)\r\n[    4.495520] UDP-Lite hash table entries: 32768 (order: 8, 1048576 bytes)\r\n[    4.509114] NET: Registered protocol family 1\r\n[    4.517872] pci 0000:00:1a.0: enabling device (0000 -\u003e 0002)\r\n[    4.529334] PCI Interrupt Link [LNKA] enabled at IRQ 11\r\n[    4.53"]
[28.928880086,"o","9864] pci 0000:00:1a.0: quirk_usb_early_handoff+0x0/0x625 took 21476 usecs\r\n[    4.554649] pci 0000:00:1d.0: enabling device (0000 -\u003e 0002)\r\n[    4.566087] PCI Interrupt Link [LNKH] enabled at IRQ 10\r\n[    4.576600] pci 0000:00:1d.0: quirk_usb_early_handoff+0x0/0x625 took 21437 usecs\r\n[    4.591529] JVDG in populate_rootfs: initrd 0xffff888079eb3018\r\n[    4.603171] Trying to unpack rootfs image as initramfs...\r\n"]
[29.391498729,"o","[    5.079875] WARNING: CPU:"]
[29.477749756,"o"," 0 PID: 1 at free_init_pages+0x2d/0x7a\r\n[    5.082537] Modules linked in:\r\n[    5.082537] CPU: 0 PID: 1 Comm: swapper/0 Not tainted 5.1.4-sesame+ #1\r\n[    5.082537] RIP: 0010:free_init_pages+0x2d/0x7a\r\n[    5.082537] Code: ff 0f 00 00 41 55 41 54 55 48 89 d5 48 81 e2 00 f0 ff ff 48 25 00 f0 ff ff 53 49 89 fd 48 39 c6 75 08 48 39 d5 48 89 f3 74 08 \u003c0f\u003e 0b 48 89 d5 48 89 c3 48 39 eb 73 39 49 89 ec 48 89 df 49 29 dc\r\n[    5.082537] RSP: 0000:ffffc90000027e78 EFLAGS: 00010287\r\n[    5.082537] RAX"]
[29.563872476,"o",": ffff888079eb4000 RBX: ffff888000000000 RCX: ffff88807a364760\r\n[    5.082537] RDX: ffff88807a365000 RSI: ffff888079eb3018 RDI: ffffffff81af9120\r\n[    5.082537] RBP: ffff88807a365000 R08: 0000000000021f80 R09: ffff88907ee08380\r\n[    5.082537] R10: ffffc90000027e78 R11: 0000000000000002 R12: 00000000ffffffff\r\n[    5.082537] R13: ffffffff81af9120 R14: 0000000000000000 R15: 0000000000000000\r\n[    5.082537] FS:  0000000000000000(0000) GS:ffff88903fa00000(0000) knlGS:0000000000000000\r\n[    5.0825"]
[29.650245562,"o","37] CS:  0010 DS: 0000 ES: 0000 CR0: 0000000080050033\r\n[    5.082537] CR2: 0000000000000000 CR3: 0000000002c0e001 CR4: 00000000001606f0\r\n[    5.082537] Call Trace:\r\n[    5.082537]  ? clean_rootfs+0x14f/0x14f\r\n[    5.082537]  ? set_debug_rodata+0xc/0xc\r\n[    5.082537]  ? free_initrd+0x74/0x8c\r\n[    5.082537]  ? populate_rootfs+0x106/0x10f\r\n[    5.082537]  ? do_one_initcall+0x71/0x146\r\n[    5.082537]  ? set_debug_rodata+0xc/0xc\r\n[    5.082537]  ? kernel_init_freeable+0x152/0x1da\r\n[    5.082537"]
[29.737244351,"o","]  ? rest_init+0xa0/0xa0\r\n[    5.082537]  ? kernel_init+0x5/0xeb\r\n[    5.082537]  ? ret_from_fork+0x35/0x40\r\n[    5.082537] ---[ end trace 9b78ac8704b6a6c3 ]---\r\n[    5.372090] Freeing initrd memory: 4804K\r\n[    5.379929] PCI-DMA: Using software bounce buffering for IO (SWIOTLB)\r\n[    5.392787] software IO TLB: mapped [mem 0x75eb3000-0x79eb3000] (64MB)\r\n[    5.406059] ivbep_uncore: probe of 0000:80:05.6 failed with error -22\r\n[    5.418942] ivbep_uncore: probe of 0000:ff:08.2 failed with err"]
[29.823370773,"o","or -22\r\n[    5.431807] ivbep_uncore: probe of 0000:ff:08.6 failed with error -22\r\n[    5.444669] ivbep_uncore: probe of 0000:ff:09.2 failed with error -22\r\n[    5.457529] ivbep_uncore: probe of 0000:ff:09.6 failed with error -22\r\n[    5.470394] ivbep_uncore: probe of 0000:ff:0e.1 failed with error -22\r\n[    5.483253] ivbep_uncore: probe of 0000:ff:10.0 failed with error -22\r\n[    5.496113] ivbep_uncore: probe of 0000:ff:10.1 failed with error -22\r\n[    5.508977] ivbep_uncore: probe of 0000:f"]
[29.911999146,"o","f:10.4 failed with error -22\r\n[    5.521834] ivbep_uncore: probe of 0000:ff:10.5 failed with error -22\r\n[    5.534696] ivbep_uncore: probe of 0000:ff:13.1 failed with error -22\r\n[    5.547557] ivbep_uncore: probe of 0000:ff:13.5 failed with error -22\r\n[    5.560417] ivbep_uncore: probe of 0000:ff:13.6 failed with error -22\r\n[    5.573948] workingset: timestamp_bits=46 max_order=24 bucket_order=0\r\n[    5.587835] SGI XFS with security attributes, no debug enabled\r\n[    5.600159] NET: Registere"]
[30.004742891,"o","d protocol family 38\r\n[    5.609057] Block layer SCSI generic (bsg) driver version 0.4 loaded (major 248)\r\n[    5.624207] input: Power Button as /devices/LNXSYSTM:00/LNXSYBUS:00/PNP0C0C:00/input/input0\r\n[    5.640880] ACPI: Power Button [PWRB]\r\n[    5.648235] input: Power Button as /devices/LNXSYSTM:00/LNXPWRBN:00/input/input1\r\n[    5.663006] ACPI: Power Button [PWRF]\r\n[    5.671660] Serial: 8250/16550 driver, 4 ports, IRQ sharing disabled\r\n"]
[30.020644538,"o","[    5.704751] 00:02: ttyS0 at I/O 0x3f8 (irq = 4, b"]
[30.047622032,"o","ase_baud = 115200) is a 16550A\r\n[    5.719722] PCI Interrupt Link [LNKB] enabled at IRQ 11\r\n"]
[30.063492198,"o","[    5.750319] 0000:00:16.3: ttyS1 at"]
[30.155746323,"o"," I/O 0x9080 (irq = 11, base_baud = 115200) is a 16550A\r\n[    5.768116] brd: module loaded\r\n[    5.775421] loop: module loaded\r\n[    5.781710] Loading iSCSI transport class v2.0-870.\r\n[    5.791508] iscsi: registered transport (tcp)\r\n[    5.800263] i8042: PNP: PS/2 Controller [PNP0303:PS2K,PNP0f03:PS2M] at 0x60,0x64 irq 1,12\r\n[    5.819334] serio: i8042 KBD port at 0x60,0x64 irq 1\r\n[    5.829253] serio: i8042 AUX port at 0x60,0x64 irq 12\r\n[    5.839397] rtc_cmos 00:03: RTC can wake from S4\r\n["]
[30.244245221,"o","    5.848732] rtc_cmos 00:03: registered as rtc0\r\n[    5.857635] rtc_cmos 00:03: alarms up to one month, y3k, 114 bytes nvram, hpet irqs\r\n[    5.872963] i2c /dev entries driver\r\n[    5.879980] i801_smbus 0000:00:1f.3: enabling device (0001 -\u003e 0003)\r\n[    5.892663] PCI Interrupt Link [LNKC] enabled at IRQ 10\r\n[    5.903548] i801_smbus 0000:00:1f.3: SMBus using PCI interrupt\r\n[    5.916546] device-mapper: ioctl: 4.40.0-ioctl (2019-01-18) initialised: dm-devel@redhat.com\r\n[    5.933571] intel_p"]
[30.331622895,"o","state: Intel P-state driver initializing\r\n[    5.944887] usbcore: registered new interface driver usbhid\r\n[    5.956019] usbhid: USB HID core driver\r\n[    5.964035] NET: Registered protocol family 17\r\n[    5.972911] 8021q: 802.1Q VLAN Support v1.8\r\n[    5.981362] microcode: sig=0x306e4, pf=0x1, revision=0x428\r\n[    5.992333] microcode: Microcode Update Driver: v2.2.\r\n[    5.992339] AVX version of gcm_enc/dec engaged.\r\n[    6.011470] AES CTR mode by8 optimization enabled\r\n[    6.021278] sched"]
[30.423495696,"o","_clock: Marking stable (5918300642, 102560466)-\u003e(7727568373, -1706707265)\r\n[    6.038298] rtc_cmos 00:03: setting system clock to 2019-09-05T07:57:09 UTC (1567670229)\r\n[    6.054919] Freeing unused kernel image memory: 916K\r\n[    6.066547] Write protecting the kernel read-only data: 12288k\r\n[    6.078895] Freeing unused kernel image memory: 2032K\r\n[    6.089120] Freeing unused kernel image memory: 344K\r\n[    6.099043] Run /init as init process\r\n2019/09/05 07:57:09 Welcome to u-root!\r\n       "]
[30.509496108,"o","                       _\r\n   _   _      _ __ ___   ___ | |_\r\n  | | | |____| '__/ _ \\ / _ \\| __|\r\n  | |_| |____| | | (_) | (_) | |_\r\n   \\__,_|    |_|  \\___/ \\___/ \\__|\r\n\r\n2019/09/05 07:57:09 Created dir \"/buildbin\" (mode 0777)\r\n2019/09/05 07:57:09 Created dir \"/ubin\" (mode 0777)\r\n2019/09/05 07:57:09 Created dir \"/tmp\" (mode 0777)\r\n2019/09/05 07:57:09 Created dir \"/env\" (mode 0777)\r\n2019/09/05 07:57:09 Created dir \"/tcz\" (mode 0777)\r\n2019/09/05 07:57:09 Created dir \"/lib\" (mode 0777)\r\n2019/09/"]
[30.595495142,"o","05 07:57:09 Created dir \"/usr/lib\" (mode 0777)\r\n2019/09/05 07:57:09 Created dir \"/var/log\" (mode 0777)\r\n2019/09/05 07:57:09 Created dir \"/go/pkg/linux_amd64\" (mode 0777)\r\n2019/09/05 07:57:09 Created dir \"/etc\" (mode 0777)\r\n2019/09/05 07:57:09 Created dir \"/proc\" (mode 0555)\r\n2019/09/05 07:57:09 Created mount -t \"proc\" -o  \"proc\" \"/proc\" flags 0x0\r\n2019/09/05 07:57:09 Created mount -t \"tmpfs\" -o  \"tmpfs\" \"/tmp\" flags 0x0\r\n2019/09/05 07:57:09 Created dir \"/dev\" (mode 0777)\r\n2019/09/05 07:57:09"]
[30.681491287,"o"," Created dev \"/dev/tty\" (mode 020666; magic 1280)\r\n2019/09/05 07:57:09 Created dev \"/dev/urandom\" (mode 020444; magic 265)\r\n2019/09/05 07:57:09 Created dev \"/dev/port\" (mode 020640; magic 260)\r\n2019/09/05 07:57:09 Created mount -t \"devtmpfs\" -o  \"devtmpfs\" \"/dev\" flags 0x0\r\n2019/09/05 07:57:09 Created dir \"/dev/pts\" (mode 0777)\r\n2019/09/05 07:57:09 Created mount -t \"devpts\" -o newinstance,ptmxmode=666,gid=5,mode=620 \"devpts\" \"/dev/pts\" flags 0x0\r\n2019/09/05 07:57:09 Created dev \"/dev/ptmx\" ("]
[30.767393903,"o","mode 020666; magic 1282)\r\n2019/09/05 07:57:09 Created dir \"/dev/shm\" (mode 0777)\r\n2019/09/05 07:57:09 Created mount -t \"tmpfs\" -o  \"tmpfs\" \"/dev/shm\" flags 0x0\r\n2019/09/05 07:57:09 Created dir \"/sys\" (mode 0555)\r\n2019/09/05 07:57:09 Created mount -t \"sysfs\" -o  \"sysfs\" \"/sys\" flags 0x0\r\n2019/09/05 07:57:09 Created mount -t \"securityfs\" -o  \"securityfs\" \"/sys/kernel/security\" flags 0x0\r\n2019/09/05 07:57:09 Created mount -t \"tmpfs\" -o  \"cgroup\" \"/sys/fs/cgroup\" flags 0x0\r\n2019/09/05 07:57:09 C"]
[30.853369328,"o","reated dir \"/sys/fs/cgroup/memory\" (mode 0555)\r\n2019/09/05 07:57:09 Created dir \"/sys/fs/cgroup/freezer\" (mode 0555)\r\n2019/09/05 07:57:09 Created dir \"/sys/fs/cgroup/devices\" (mode 0555)\r\n2019/09/05 07:57:09 Created dir \"/sys/fs/cgroup/cpu,cpuacct\" (mode 0555)\r\n2019/09/05 07:57:09 Created dir \"/sys/fs/cgroup/blkio\" (mode 0555)\r\n2019/09/05 07:57:09 Created dir \"/sys/fs/cgroup/cpuset\" (mode 0555)\r\n2019/09/05 07:57:09 Created dir \"/sys/fs/cgroup/pids\" (mode 0555)\r\n2019/09/05 07:57:09 Created di"]
[30.939399611,"o","r \"/sys/fs/cgroup/net_cls,net_prio\" (mode 0555)\r\n2019/09/05 07:57:09 Created dir \"/sys/fs/cgroup/hugetlb\" (mode 0555)\r\n2019/09/05 07:57:09 Created dir \"/sys/fs/cgroup/perf_event\" (mode 0555)\r\n2019/09/05 07:57:09 Created symlink \"/sys/fs/cgroup/cpu\" -\u003e \"/sys[    6.590586] tsc: Refined TSC clocksource calibration: 2799.999 MHz\r\n/fs/cgroup/cpu,c[    6.603490] clocksource: tsc: mask: 0xffffffffffffffff max_cycles: 0x285c3fb0b68, max_idle_ns: 440795224466 ns\r\npuacct\"\r\n2019/09[    6.626205] clocks"]
[31.025510189,"o","ource: Switched to clocksource tsc\r\n/05 07:57:09 Created symlink \"/sys/fs/cgroup/cpuacct\" -\u003e \"/sys/fs/cgroup/cpu,cpuacct\"\r\n2019/09/05 07:57:09 Created symlink \"/sys/fs/cgroup/net_cls\" -\u003e \"/sys/fs/cgroup/net_cls,net_prio\"\r\n2019/09/05 07:57:09 Created symlink \"/sys/fs/cgroup/net_prio\" -\u003e \"/sys/fs/cgroup/net_cls,net_prio\"\r\n2019/09/05 07:57:09 Created mount -t \"cgroup\" -o memory \"cgroup\" \"/sys/fs/cgroup/memory\" flags 0x0\r\n2019/09/05 07:57:09 Created mount -t \"cgroup\" -o freezer \"cgroup\" \"/sys/fs"]
[31.111506982,"o","/cgroup/freezer\" flags 0x0\r\n2019/09/05 07:57:09 Created mount -t \"cgroup\" -o devices \"cgroup\" \"/sys/fs/cgroup/devices\" flags 0x0\r\n2019/09/05 07:57:09 Created mount -t \"cgroup\" -o cpu,cpuacct \"cgroup\" \"/sys/fs/cgroup/cpu,cpuacct\" flags 0x0\r\n2019/09/05 07:57:09 Created mount -t \"cgroup\" -o blk[    6.766438] random: fast init done\r\nio \"cgroup\" \"/sys/fs/cgroup/blkio\" flags 0x0\r\n2019/09/05 07:57:09 Created mount -t \"cgroup\" -o cpuset \"cgroup\" \"/sys/fs/cgroup/cpuset\" flags 0x0\r\n2019/09/05 07:57:09"]
[31.197513042,"o"," Created mount -t \"cgroup\" -o pids \"cgroup\" \"/sys/fs/cgroup/pids\" flags 0x0\r\n2019/09/05 07:57:09 Created mount -t \"cgroup\" -o net_cls,net_prio \"cgroup\" \"/sys/fs/cgroup/net_cls,net_prio\" flags 0x0\r\n2019/09/05 07:57:09 Created mount -t \"cgroup\" -o huget[    6.846809] ahci 0000:00:1f.2: forcing PORTS_IMPL to 0x1\r\nlb \"cgroup\" \"/sys/fs/cgroup/hugetlb\" flags 0x0\r\n2019/09/05 07:57:09 Created mount -t \"cgroup\" -o perf_event \"cgroup\" \"/sys/fs/cgroup/perf_event\" flags 0x0\r\n2019/09/05 07:57:10 Done Roo"]
[31.288139159,"o","tfs\r\n2019/09/05 07:57:10 Executing Command: /bbin/getty ttyS1 0 vt100\r\n2019/09/05 07:57:10 Executing Command: /bbin/insmod /lib/modules/nvme-core.ko\r\n2019/09/05 07:57:10 Executing Command: /bbin/insmod /lib/modules/nvme.ko\r\n2019/09/05 07:57:10 Executing Command: /bbin/insmod /lib/modules/libata.ko\r\n2019/09/05 07:57:10 Executing Command: /bbin/insmod /lib/modules/libahci.ko\r\n2019/09/05 07:57:10 Executing Command: /bbin/insmod /lib/modules/ahci.ko\r\n"]
[31.80312899,"o","[    7.415300] ata1.00: supports DRM functions and may not be fully accessible\r\n[    7.429429] ata1.00: ATA Identify Device Log not supported\r\n[    7.440376] ata1.00: Security Log not supported\r\n[    7.450229] ata1.00: supports DRM functions and may not be fully accessible\r\n[    7.464337] ata1.00: ATA Identify Device Log not supported\r\n[    7.475285] ata1.00: Security Log not supported\r\n"]
[31.835127341,"o","2019/09/05 07:57:10 Executing Command: /bbin/ins"]
[31.851005911,"o","mod /lib/modules/e1000e.ko\r\n"]
[31.963005467,"o","2019/09/05 07:57\u001b["]
[32.043135402,"o","31;1mopen /.elvish/rc.elv: no such file or directory\u001b[m\u001b[?7h\u001b[7m\u001b[m                                                                               \r \r\u001b[?7l\u001b[?2004h\u001b[?25l\r???\u003e                                                                       ???\u003e \r\u001b[5C\u001b[?25h\u001b[?25l\r\r\u001b[5C\u001b[?25h\u001b[?25l\r\u001b[K~/\u003e                                                                        ???\u003e \r\u001b[4C\u001b[?25h\u001b[?25l\r\u001b[67C\u001b[K\u001b[0;7m???@linuxboot\u001b[0;m\r\u001b[4C\u001b[?25h"]
[32.059130781,"o","\u001b[?25l\r\u001b[J~/\u003e \u001b[0;31mc\u001b[0;m    "]
[32.145055475,"o","                                                          \u001b[0;7m???@linuxboot\u001b[0;m\r\u001b[5C\u001b[?25h\u001b[?25l\r\r\u001b[5C\u001b[?25h\u001b[?25l\r\u001b[J~/\u003e \u001b[0;31mca\u001b[0;m                                                             \u001b[0;7m???@linuxboot\u001b[0;m\r\u001b[6C\u001b[?25h\u001b[?25l\r\r\u001b[6C\u001b[?25h\u001b[?25l\r\u001b[J~/\u003e \u001b[0;32mcat\u001b[0;m                                                            \u001b[0;7m???@linuxboot\u001b[0;m\r\u001b[7C\u001b[?25h\u001b[?25l\r\r\u001b[7C\u001b[?25h\u001b[?25l\r\u001b[J~/\u003e \u001b[0;32mcat\u001b[0;m                                                            \u001b[0;7m???@li"]
[32.231015543,"o","nuxboot\u001b[0;m\r\u001b[8C\u001b[?25h\u001b[?25l\r\r\u001b[8C\u001b[?25h\u001b[?25l\r\u001b[J~/\u003e \u001b[0;32mcat\u001b[0;m \u001b[0;32m\u003e\u001b[0;m                                                          \u001b[0;7m???@linuxboot\u001b[0;m\r\u001b[9C\u001b[?25h\u001b[?25l\r\r\u001b[9C\u001b[?25h\u001b[?25l\r\u001b[J~/\u003e \u001b[0;32mcat\u001b[0;m \u001b[0;32m\u003e\u001b[0;mp                                                         \u001b[0;7m???@linuxboot\u001b[0;m\r\u001b[10C\u001b[?25h\u001b[?25l\r\r\u001b[10C\u001b[?25h\u001b[?25l\r\u001b[J~/\u003e \u001b[0;32mcat\u001b[0;m \u001b[0;32m\u003e\u001b[0;mpr                                                        \u001b[0;7m???@linuxboot\u001b[0;m\r\u001b[11C\u001b[?25h\u001b[?25l\r\r"]
[32.317011465,"o","\u001b[11C\u001b[?25h\u001b[?25l\r\u001b[J~/\u003e \u001b[0;32mcat\u001b[0;m \u001b[0;32m\u003e\u001b[0;mpro                                                       \u001b[0;7m???@linuxboot\u001b[0;m\r\u001b[12C\u001b[?25h\u001b[?25l\r\r\u001b[12C\u001b[?25h\u001b[?25l\r\u001b[J~/\u003e \u001b[0;32mcat\u001b[0;m \u001b[0;32m\u003e\u001b[0;mproc                                                      \u001b[0;7m???@linuxboot\u001b[0;m\r\u001b[13C\u001b[?25h\u001b[?25l\r\r\u001b[13C\u001b[?25h\u001b[?25l\r\u001b[J~/\u003e \u001b[0;32mcat\u001b[0;m \u001b[0;32m\u003e\u001b[0;mproc/                                                     \u001b[0;7m???@linuxboot\u001b[0;m\r\u001b[14C\u001b[?25h\u001b[?25l\r\r\u001b[14C\u001b[?25h\u001b[?25l\r\u001b[J~/\u003e \u001b[0"]
[32.403008291,"o",";32mcat\u001b[0;m \u001b[0;32m\u003e\u001b[0;mproc/s                                                    \u001b[0;7m???@linuxboot\u001b[0;m\r\u001b[15C\u001b[?25h\u001b[?25l\r\r\u001b[15C\u001b[?25h\u001b[?25l\r\u001b[J~/\u003e \u001b[0;32mcat\u001b[0;m \u001b[0;32m\u003e\u001b[0;mproc/sy                                                   \u001b[0;7m???@linuxboot\u001b[0;m\r\u001b[16C\u001b[?25h\u001b[?25l\r\r\u001b[16C\u001b[?25h\u001b[?25l\r\u001b[J~/\u003e \u001b[0;32mcat\u001b[0;m \u001b[0;32m\u003e\u001b[0;mproc/sys                                                  \u001b[0;7m???@linuxboot\u001b[0;m\r\u001b[17C\u001b[?25h\u001b[?25l\r\r\u001b[17C\u001b[?25h\u001b[?25l\r\u001b[J~/\u003e \u001b[0;32mcat\u001b[0;m \u001b[0;32m\u003e\u001b[0;mpr"]
[32.488900545999996,"o","oc/sysr                                                 \u001b[0;7m???@linuxboot\u001b[0;m\r\u001b[18C\u001b[?25h\u001b[?25l\r\r\u001b[18C\u001b[?25h\u001b[?25l\r\u001b[J~/\u003e \u001b[0;32mcat\u001b[0;m \u001b[0;32m\u003e\u001b[0;mproc/sysrq                                                \u001b[0;7m???@linuxboot\u001b[0;m\r\u001b[19C\u001b[?25h\u001b[?25l\r\r\u001b[19C\u001b[?25h\u001b[?25l\r\u001b[J~/\u003e \u001b[0;32mcat\u001b[0;m \u001b[0;32m\u003e\u001b[0;mproc/sysrq-                                               \u001b[0;7m???@linuxboot\u001b[0;m\r\u001b[20C\u001b[?25h\u001b[?25l\r\r\u001b[20C\u001b[?25h\u001b[?25l\r\u001b[J~/\u003e \u001b[0;32mcat\u001b[0;m \u001b[0;32m\u003e\u001b[0;mproc/sysrq-t                  "]
[32.574879194,"o","                            \u001b[0;7m???@linuxboot\u001b[0;m\r\u001b[21C\u001b[?25h\u001b[?25l\r\r\u001b[21C\u001b[?25h\u001b[?25l\r\u001b[J~/\u003e \u001b[0;32mcat\u001b[0;m \u001b[0;32m\u003e\u001b[0;mproc/sysrq-tr                                             \u001b[0;7m???@linuxboot\u001b[0;m\r\u001b[22C\u001b[?25h\u001b[?25l\r\r\u001b[22C\u001b[?25h\u001b[?25l\r\u001b[J~/\u003e \u001b[0;32mcat\u001b[0;m \u001b[0;32m\u003e\u001b[0;mproc/sysrq-tri                                            \u001b[0;7m???@linuxboot\u001b[0;m\r\u001b[23C\u001b[?25h\u001b[?25l\r\r\u001b[23C\u001b[?25h\u001b[?25l\r\u001b[J~/\u003e \u001b[0;32mcat\u001b[0;m \u001b[0;32m\u003e\u001b[0;mproc/sysrq-trig                                           "]
[32.660885481,"o","\u001b[0;7m???@linuxboot\u001b[0;m\r\u001b[24C\u001b[?25h\u001b[?25l\r\r\u001b[24C\u001b[?25h\u001b[?25l\r\u001b[J~/\u003e \u001b[0;32mcat\u001b[0;m \u001b[0;32m\u003e\u001b[0;mproc/sysrq-trigg                                          \u001b[0;7m???@linuxboot\u001b[0;m\r\u001b[25C\u001b[?25h\u001b[?25l\r\r\u001b[25C\u001b[?25h\u001b[?25l\r\u001b[J~/\u003e \u001b[0;32mcat\u001b[0;m \u001b[0;32m\u003e\u001b[0;mproc/sysrq-trigge                                         \u001b[0;7m???@linuxboot\u001b[0;m\r\u001b[26C\u001b[?25h\u001b[?25l\r\r\u001b[26C\u001b[?25h\u001b[?25l\r\u001b[J~/\u003e \u001b[0;32mcat\u001b[0;m \u001b[0;32m\u003e\u001b[0;mproc/sysrq-trigger                                        \u001b[0;7m???@linuxboot\u001b[0;m\r\u001b[2"]
[32.687129981,"o","7C\u001b[?25h\u001b[?25l\r\r\u001b[    8.356126] sysrq: Resetting\r\n[27C\u001b[?25h\u001b[?25l"]
[44.547366134,"o","+--------------------+\r\n|                    |\r\n| Start"]
[44.641863821,"o","ing LinuxBoot |\r\n|                    |\r\n+--------------------+\r\nnum tables=0004\r\n42146F0205AD34BA\r\nFvLoader: adding firmware volume 0xFF840000\r\nFvLoader: error rc=0000000A\r\nFFFFFFFFFFFFFFFF\r\nFFFFFFFFFFFFFFFF\r\nFFFFFFFFFFFFFFFF\r\nFFFFFFFFFFFFFFFF\r\nFFFFFFFFFFFFFFFF\r\nFFFFFFFFFFFFFFFF\r\nFFFFFFFFFFFFFFFF\r\nFFFFFFFFFFFFFFFF\r\nFFFFFFFFFFFFFFFF\r\nFFFFFFFFFFFFFFFF\r\nFFFFFFFFFFFFFFFF\r\nFFFFFFFFFFFFFFFF\r\nFFFFFFFFFFFFFFFF\r\nFFFFFFFFFFFFFFFF\r\nFFFFFFFFFFFFFFFF\r\nFFFFFFFFFFFFFFFF\r\nLinuxBoot: waiting for BDS callbac"]
[44.657358164,"o","k\r\n"]
[44.974373012,"o","LinuxBoot: BDS time has arrived\r\nLinuxBoot: connect pci root bridges\r\nefi_visit_handles 2F707EBB\r\nhandle_count=00000002\r\n"]
[45.56648476,"o","LinuxBoot: search LPC d"]
[45.606512369,"o","evice\r\nefi_visit_handles 4CF5B200\r\nhandle_count=00000034\r\nFound LPC Bridge device\r\nBIOS_SEL1=00112233\r\nBIOS_SEL2=4567\r\nBIOS_DEC_EN1=FFCF\r\nFvLoader: adding firmware volume 0xFF320000\r\n"]
[46.604444716,"o","FVLoader: mapped 0x004E0000\r\nLinuxBoot: signal root bridges connected\r\nLinuxBoot: signal dxe end\r\nLinuxBoot: signal smm ready to lock\r\nefi_visit_handles 00000000\r\nhandle_count=00000089\r\n"]
[52.886212545,"o","LinuxBoot: bds_main dispatch\r\nLinuxBoo"]
[52.952949047,"o","t: signal ready to boot\r\nLinuxBoot: GetVariable BootOrder\r\nDataSize=00000006\r\nAttributes=00000007\r\nBootOrder=41D0001400120013\r\nLinuxBoot: SetVariable JVdGTest\r\n\\o/.\nLinuxBoot: Looking for bzimage\r\nLinuxBoot: FFS buffer=000000007BE8B018\r\nLinuxBoot: FFS length=002F32A0\r\nLinuxBoot: Looking for initrd\r\n"]
[53.003820155,"o","LinuxBoot: FFS buffer=0000000079EB3018\r\nLinuxBoot: FFS length=004B1748\r\nLinuxBoot: Looking for a second initrd part\r\nLinuxBoot: initrd buffer=0000000079EB3018\r\nLinuxBoot: initrd length=004B1748\r\nLinuxBoot: Starting bzImage\r\n"]
[53.427826293,"o","[    0.000000] Linux version 5.1.4-sesame+ (jvdg@lb-dev) (gcc version 6.3.0 20170516 (Debian 6.3.0-18+deb9u1)) #1 SMP Thu Jun 6 23:01:44 CEST 2019\r\n[    0.000000] Command line: found_initd\r\n[    0.000000] KERNEL supported cpus:\r\n[    0.000000]   Intel GenuineIntel\r\n[    0.000000]   AMD AuthenticAMD\r\n[    0.000000]   Hygon HygonGenuine\r\n[    0.000000] x86/fpu: Supporting XSAVE feature 0x001: 'x87 floating point registers'\r\n[    0.000000] x86/fpu: Supporting XSAVE feature 0x002: 'SSE registers"]
[53.513832765,"o","'\r\n[    0.000000] x86/fpu: Supporting XSAVE feature 0x004: 'AVX registers'\r\n[    0.000000] x86/fpu: xstate_offset[2]:  576, xstate_sizes[2]:  256\r\n[    0.000000] x86/fpu: Enabled xstate features 0x7, context size is 832 bytes, using 'standard' format.\r\n[    0.000000] BIOS-provided physical RAM map:\r\n[    0.000000] BIOS-e820: [mem 0x0000000000000000-0x000000000009ffff] usable\r\n[    0.000000] BIOS-e820: [mem 0x0000000000100000-0x000000007ef4dfff] usable\r\n[    0.000000] BIOS-e820: [mem 0x000000"]
[53.599829554,"o","007ef4e000-0x000000007f075fff] ACPI NVS\r\n[    0.000000] BIOS-e820: [mem 0x000000007f076000-0x000000007f0b0fff] usable\r\n[    0.000000] BIOS-e820: [mem 0x000000007f0b1000-0x000000007f192fff] ACPI data\r\n[    0.000000] BIOS-e820: [mem 0x000000007f193000-0x000000007f1b3fff] reserved\r\n[    0.000000] BIOS-e820: [mem 0x000000007f1b4000-0x000000007f1e3fff] usable\r\n[    0.000000] BIOS-e820: [mem 0x000000007f1e4000-0x000000007f209fff] ACPI NVS\r\n[    0.000000] BIOS-e820: [mem 0x000000007f20a000-0x000000"]
[53.685702245,"o","007f265fff] usable\r\n[    0.000000] BIOS-e820: [mem 0x000000007f266000-0x000000007f279fff] reserved\r\n[    0.000000] BIOS-e820: [mem 0x000000007f27a000-0x000000007f281fff] ACPI NVS\r\n[    0.000000] BIOS-e820: [mem 0x000000007f282000-0x000000007f285fff] reserved\r\n[    0.000000] BIOS-e820: [mem 0x000000007f286000-0x000000007f28efff] ACPI NVS\r\n[    0.000000] BIOS-e820: [mem 0x000000007f28f000-0x000000007f355fff] reserved\r\n[    0.000000] BIOS-e820: [mem 0x000000007f356000-0x000000007f356fff] usable"]
[53.77170778,"o","\r\n[    0.000000] BIOS-e820: [mem 0x000000007f357000-0x000000007f3dcfff] ACPI NVS\r\n[    0.000000] BIOS-e820: [mem 0x000000007f3dd000-0x000000007f7fffff] usable\r\n[    0.000000] BIOS-e820: [mem 0x0000000080000000-0x000000008fffffff] reserved\r\n[    0.000000] BIOS-e820: [mem 0x00000000fed1c000-0x00000000fed1ffff] reserved\r\n[    0.000000] BIOS-e820: [mem 0x00000000ff000000-0x00000000ffffffff] reserved\r\n[    0.000000] BIOS-e820: [mem 0x0000000100000000-0x000000107fffffff] usable\r\n[    0.000000] pri"]
[53.857703306,"o","ntk: bootconsole [earlyser0] enabled\r\n[    0.000000] NX (Execute Disable) protection: active\r\n[    0.000000] extended physical RAM map:\r\n[    0.000000] reserve setup_data: [mem 0x0000000000000000-0x000000000009ffff] usable\r\n[    0.000000] reserve setup_data: [mem 0x0000000000100000-0x000000007c710017] usable\r\n[    0.000000] reserve setup_data: [mem 0x000000007c710018-0x000000007c71f857] usable\r\n[    0.000000] reserve setup_data: [mem 0x000000007c71f858-0x000000007c720017] usable\r\n[    0.0000"]
[53.943740985,"o","00] reserve setup_data: [mem 0x000000007c720018-0x000000007c73a657] usable\r\n[    0.000000] reserve setup_data: [mem 0x000000007c73a658-0x000000007c73b017] usable\r\n[    0.000000] reserve setup_data: [mem 0x000000007c73b018-0x000000007c765857] usable\r\n[    0.000000] reserve setup_data: [mem 0x000000007c765858-0x000000007ef4dfff] usable\r\n[    0.000000] reserve setup_data: [mem 0x000000007ef4e000-0x000000007f075fff] ACPI NVS\r\n[    0.000000] reserve setup_data: [mem 0x000000007f076000-0x000000007"]
[54.029706308,"o","f0b0fff] usable\r\n[    0.000000] reserve setup_data: [mem 0x000000007f0b1000-0x000000007f192fff] ACPI data\r\n[    0.000000] reserve setup_data: [mem 0x000000007f193000-0x000000007f1b3fff] reserved\r\n[    0.000000] reserve setup_data: [mem 0x000000007f1b4000-0x000000007f1e3fff] usable\r\n[    0.000000] reserve setup_data: [mem 0x000000007f1e4000-0x000000007f209fff] ACPI NVS\r\n[    0.000000] reserve setup_data: [mem 0x000000007f20a000-0x000000007f265fff] usable\r\n[    0.000000] reserve setup_data: [m"]
[54.115581503,"o","em 0x000000007f266000-0x000000007f279fff] reserved\r\n[    0.000000] reserve setup_data: [mem 0x000000007f27a000-0x000000007f281fff] ACPI NVS\r\n[    0.000000] reserve setup_data: [mem 0x000000007f282000-0x000000007f285fff] reserved\r\n[    0.000000] reserve setup_data: [mem 0x000000007f286000-0x000000007f28efff] ACPI NVS\r\n[    0.000000] reserve setup_data: [mem 0x000000007f28f000-0x000000007f355fff] reserved\r\n[    0.000000] reserve setup_data: [mem 0x000000007f356000-0x000000007f356fff] usable\r\n["]
[54.20157563,"o","    0.000000] reserve setup_data: [mem 0x000000007f357000-0x000000007f3dcfff] ACPI NVS\r\n[    0.000000] reserve setup_data: [mem 0x000000007f3dd000-0x000000007f7fffff] usable\r\n[    0.000000] reserve setup_data: [mem 0x0000000080000000-0x000000008fffffff] reserved\r\n[    0.000000] reserve setup_data: [mem 0x00000000fed1c000-0x00000000fed1ffff] reserved\r\n[    0.000000] reserve setup_data: [mem 0x00000000ff000000-0x00000000ffffffff] reserved\r\n[    0.000000] reserve setup_data: [mem 0x000000010000"]
[54.249703816,"o","0000-0x000000107fffffff] usable\r\n[    0.000000] efi: EFI v2.31 by American Megatrends\r\n[    0.000000] efi:  ACPI=0x7f0b1000  ACPI 2.0=0x7f0b1000 \r\n[    0.000000] DMI not present or invalid.\r\n"]
[54.265700421,"o","[    0.000000] tsc: Fast TSC calibration using P"]
[54.327449782,"o","IT\r\n[    0.000000] tsc: Detected 2799.995 MHz processor\r\n[    0.000469] last_pfn = 0x1080000 max_arch_pfn = 0x400000000\r\n[    0.014595] x86/PAT: Configuration [0-7]: WB  WC  UC- UC  WB  WP  UC- WT  \r\n[    0.028549] last_pfn = 0x7f800 max_arch_pfn = 0x400000000\r\n"]
[54.413953906,"o","[    0.052214] Using GB pages for direct mapping\r\n[    0.061340] Secure boot disabled\r\n[    0.067446] RAMDISK: [mem 0x79eb3018-0x7a364fff]\r\n[    0.076635] ACPI: Early table checksum verification disabled\r\n[    0.087901] ACPI: RSDP 0x000000007F0B1000 000024 (v02 ALASKA)\r\n[    0.099339] ACPI: XSDT 0x000000007F0B1078 00006C (v01 ALASKA A M I    01072009 AMI  00010013)\r\n[    0.116329] ACPI: FACP 0x000000007F0C0DF8 00010C (v05 ALASKA A M I    01072009 AMI  00010013)\r\n[    0.133314] ACPI: DSDT 0x0"]
[54.499826671,"o","00000007F0B1170 00FC86 (v02 ALASKA A M I    00000B11 INTL 20051117)\r\n[    0.150299] ACPI: FACS 0x000000007F286080 000040\r\n[    0.159485] ACPI: APIC 0x000000007F0C0F08 000294 (v03 ALASKA A M I    01072009 AMI  00010013)\r\n[    0.176472] ACPI: FPDT 0x000000007F0C11A0 000044 (v01 ALASKA A M I    01072009 AMI  00010013)\r\n[    0.193457] ACPI: MCFG 0x000000007F0C11E8 00003C (v01 ALASKA OEMMCFG. 01072009 MSFT 00000097)\r\n[    0.210444] ACPI: SRAT 0x000000007F0C1228 000530 (v01 A M I  AMI SRAT 0000000"]
[54.586202956,"o","1 AMI. 00000000)\r\n[    0.227431] ACPI: SLIT 0x000000007F0C1758 000030 (v01 A M I  AMI SLIT 00000000 AMI. 00000000)\r\n[    0.244417] ACPI: BDAT 0x000000007F0C1788 000030 (v01 A M I           00000000 AMI. 00000000)\r\n[    0.261403] ACPI: HPET 0x000000007F0C17B8 000038 (v01 ALASKA A M I    01072009 AMI. 00000005)\r\n[    0.278390] ACPI: SSDT 0x000000007F0C17F0 0D0CB0 (v02 INTEL  CpuPm    00004000 INTL 20051117)\r\n[    0.296084] Zone ranges:\r\n[    0.300802]   DMA      [mem 0x0000000000001000-0x00000"]
[54.672228906,"o","00000ffffff]\r\n[    0.313109]   DMA32    [mem 0x0000000001000000-0x00000000ffffffff]\r\n[    0.325415]   Normal   [mem 0x0000000100000000-0x000000107fffffff]\r\n[    0.337722] Movable zone start for each node\r\n[    0.346215] Early memory node ranges\r\n[    0.353321]   node   0: [mem 0x0000000000001000-0x000000000009ffff]\r\n[    0.365801]   node   0: [mem 0x0000000000100000-0x000000007ef4dfff]\r\n[    0.378281]   node   0: [mem 0x000000007f076000-0x000000007f0b0fff]\r\n[    0.390761]   node   0: [mem 0x"]
[54.763077955,"o","000000007f1b4000-0x000000007f1e3fff]\r\n[    0.403242]   node   0: [mem 0x000000007f20a000-0x000000007f265fff]\r\n[    0.415721]   node   0: [mem 0x000000007f356000-0x000000007f356fff]\r\n[    0.428201]   node   0: [mem 0x000000007f3dd000-0x000000007f7fffff]\r\n[    0.440681]   node   0: [mem 0x0000000100000000-0x000000107fffffff]\r\n[    0.453312] Zeroed struct page in unavailable ranges: 3112 pages\r\n[    0.453313] Initmem setup node 0 [mem 0x0000000000001000-0x000000107fffffff]\r\n"]
[55.146616054,"o","["]
[55.232594768,"o","    0.871162] ACPI: PM-Timer IO Port: 0x408\r\n[    0.878829] ACPI: LAPIC_NMI (acpi_id[0x00] high edge lint[0x1])\r\n[    0.890601] ACPI: LAPIC_NMI (acpi_id[0x02] high edge lint[0x1])\r\n[    0.902388] ACPI: LAPIC_NMI (acpi_id[0x04] high edge lint[0x1])\r\n[    0.914174] ACPI: LAPIC_NMI (acpi_id[0x06] high edge lint[0x1])\r\n[    0.925961] ACPI: LAPIC_NMI (acpi_id[0x08] high edge lint[0x1])\r\n[    0.937747] ACPI: LAPIC_NMI (acpi_id[0x0a] high edge lint[0x1])\r\n[    0.949534] ACPI: LAPIC_NMI (acpi_id[0x0"]
[55.318611647,"o","c] high edge lint[0x1])\r\n[    0.961321] ACPI: LAPIC_NMI (acpi_id[0x0e] high edge lint[0x1])\r\n[    0.973107] ACPI: LAPIC_NMI (acpi_id[0x10] high edge lint[0x1])\r\n[    0.984895] ACPI: LAPIC_NMI (acpi_id[0x12] high edge lint[0x1])\r\n[    0.996681] ACPI: LAPIC_NMI (acpi_id[0x14] high edge lint[0x1])\r\n[    1.008468] ACPI: LAPIC_NMI (acpi_id[0x16] high edge lint[0x1])\r\n[    1.020254] ACPI: LAPIC_NMI (acpi_id[0x18] high edge lint[0x1])\r\n[    1.032041] ACPI: LAPIC_NMI (acpi_id[0x1a] high edge lint[0x"]
[55.404478202,"o","1])\r\n[    1.043827] ACPI: LAPIC_NMI (acpi_id[0x1c] high edge lint[0x1])\r\n[    1.055614] ACPI: LAPIC_NMI (acpi_id[0x1e] high edge lint[0x1])\r\n[    1.067401] ACPI: LAPIC_NMI (acpi_id[0x20] high edge lint[0x1])\r\n[    1.079187] ACPI: LAPIC_NMI (acpi_id[0x22] high edge lint[0x1])\r\n[    1.090974] ACPI: LAPIC_NMI (acpi_id[0x24] high edge lint[0x1])\r\n[    1.102760] ACPI: LAPIC_NMI (acpi_id[0x26] high edge lint[0x1])\r\n[    1.114548] ACPI: LAPIC_NMI (acpi_id[0x01] high edge lint[0x1])\r\n[    1.126333] "]
[55.490480276,"o","ACPI: LAPIC_NMI (acpi_id[0x03] high edge lint[0x1])\r\n[    1.138121] ACPI: LAPIC_NMI (acpi_id[0x05] high edge lint[0x1])\r\n[    1.149906] ACPI: LAPIC_NMI (acpi_id[0x07] high edge lint[0x1])\r\n[    1.161694] ACPI: LAPIC_NMI (acpi_id[0x09] high edge lint[0x1])\r\n[    1.173480] ACPI: LAPIC_NMI (acpi_id[0x0b] high edge lint[0x1])\r\n[    1.185267] ACPI: LAPIC_NMI (acpi_id[0x0d] high edge lint[0x1])\r\n[    1.197053] ACPI: LAPIC_NMI (acpi_id[0x0f] high edge lint[0x1])\r\n[    1.208840] ACPI: LAPIC_NMI (acp"]
[55.576475178,"o","i_id[0x11] high edge lint[0x1])\r\n[    1.220626] ACPI: LAPIC_NMI (acpi_id[0x13] high edge lint[0x1])\r\n[    1.232414] ACPI: LAPIC_NMI (acpi_id[0x15] high edge lint[0x1])\r\n[    1.244201] ACPI: LAPIC_NMI (acpi_id[0x17] high edge lint[0x1])\r\n[    1.255987] ACPI: LAPIC_NMI (acpi_id[0x19] high edge lint[0x1])\r\n[    1.267773] ACPI: LAPIC_NMI (acpi_id[0x1b] high edge lint[0x1])\r\n[    1.279560] ACPI: LAPIC_NMI (acpi_id[0x1d] high edge lint[0x1])\r\n[    1.291346] ACPI: LAPIC_NMI (acpi_id[0x1f] high edge"]
[55.66246993,"o"," lint[0x1])\r\n[    1.303133] ACPI: LAPIC_NMI (acpi_id[0x21] high edge lint[0x1])\r\n[    1.314919] ACPI: LAPIC_NMI (acpi_id[0x23] high edge lint[0x1])\r\n[    1.326707] ACPI: LAPIC_NMI (acpi_id[0x25] high edge lint[0x1])\r\n[    1.338493] ACPI: LAPIC_NMI (acpi_id[0x27] high edge lint[0x1])\r\n[    1.350282] ACPI: Skipping IOAPIC probe due to 'noapic' option.\r\n[    1.362068] Using ACPI for processor (LAPIC) configuration information\r\n[    1.375069] ACPI: HPET id: 0x8086a701 base: 0xfed00000\r\n[    1.38"]
[55.748726047,"o","5300] smpboot: 40 Processors exceeds max_cpus limit of 0\r\n[    1.396906] smpboot: Allowing 1 CPUs, 0 hotplug CPUs\r\n[    1.406808] [mem 0x90000000-0xfed1bfff] available for PCI devices\r\n[    1.418924] clocksource: refined-jiffies: mask: 0xffffffff max_cycles: 0xffffffff, max_idle_ns: 7645519600211568 ns\r\n[    1.439731] random: get_random_bytes called from start_kernel+0x8a/0x43e with crng_init=0\r\n[    1.456020] setup_percpu: NR_CPUS:64 nr_cpumask_bits:64 nr_cpu_ids:1 nr_node_ids:1\r\n[    1.471"]
[55.807638997,"o","717] percpu: Embedded 41 pages/cpu s130712 r8192 d29032 u2097152\r\n[    1.484604] Built 1 zonelists, mobility grouping on.  Total pages: 16511985\r\n[    1.498447] Kernel command line: earlyprintk=serial,ttyS0,57600 console=ttyS0,57600 nosmp found_initd\r\n"]
[55.838609421,"o","[    1.537053] Dentry cache hash table entries: 8388608 (order: 14, 67108864 bytes)\r\n[    1.5"]
[55.864583845,"o","61853] Inode-cache hash table entries: 4194304 (order: 13, 33554432 bytes)\r\n"]
[56.256469126,"o","[    1.895189] Memory: 65814752K/67096416K available (8195K kernel code, 540K rwdata, 1704K rodata, 916K init, 544K bss, 1281664K reserved, 0K cma-reserved)\r\n[    1.922333] SLUB: HWalign=64, Order=0-3, MinObjects=0, CPUs=1, Nodes=1\r\n[    1.935263] Kernel/User page tables isolation: enabled\r\n[    1.945544] rcu: Hierarchical RCU implementation.\r\n[    1.954849] rcu: \tRCU restricting CPUs from NR_CPUS=64 to nr_cpu_ids=1.\r\n[    1.968023] rcu: RCU calculated value of scheduler-enlistment delay is "]
[56.343344964,"o","25 jiffies.\r\n[    1.983101] rcu: Adjusting geometry for rcu_fanout_leaf=16, nr_cpu_ids=1\r\n[    1.996457] NR_IRQS: 4352, nr_irqs: 32, preallocated irqs: 16\r\n[    2.008106] printk: console [ttyS0] enabled\r\n[    2.008106] printk: console [ttyS0] enabled\r\n[    2.024563] printk: bootconsole [earlyser0] disabled\r\n[    2.024563] printk: bootconsole [earlyser0] disabled\r\n[    2.044343] ACPI: Core revision 20190215\r\n[    2.053217] ACPI: setting ELCR to 0200 (from 0000)\r\n[    2.062862] clocksource: hp"]
[56.431471799,"o","et: mask: 0xffffffff max_cycles: 0xffffffff, max_idle_ns: 133484882848 ns\r\n[    2.081109] APIC: SMP mode deactivated\r\n[    2.088605] APIC: Switch to symmetric I/O mode setup in no SMP routine\r\n[    2.101650] clocksource: tsc-early: mask: 0xffffffffffffffff max_cycles: 0x285c3bb69db, max_idle_ns: 440795222977 ns\r\n[    2.122664] Calibrating delay loop (skipped), value calculated using timer frequency.. 5599.99 BogoMIPS (lpj=11199980)\r\n[    2.126655] pid_max: default: 4096 minimum: 301\r\n[    2."]
[56.518238259,"o","136507] Mount-cache hash table entries: 131072 (order: 8, 1048576 bytes)\r\n[    2.142811] Mountpoint-cache hash table entries: 131072 (order: 8, 1048576 bytes)\r\n[    2.146796] *** VALIDATE proc ***\r\n[    2.150705] *** VALIDATE cgroup1 ***\r\n[    2.154656] *** VALIDATE cgroup2 ***\r\n[    2.158677] mce: CPU supports 27 MCE banks\r\n[    2.162675] mce: CPU0: Thermal monitoring enabled (TM1)\r\n[    2.166700] process: using mwait in idle threads\r\n[    2.170663] Last level iTLB entries: 4KB 512, 2MB 8, "]
[56.607344462,"o","4MB 8\r\n[    2.174655] Last level dTLB entries: 4KB 512, 2MB 0, 4MB 0, 1GB 4\r\n[    2.178657] Spectre V2 : Mitigation: Full generic retpoline\r\n[    2.182655] Spectre V2 : Spectre v2 / SpectreRSB mitigation: Filling RSB on context switch\r\n[    2.186655] Speculative Store Bypass: Vulnerable\r\n[    2.190665] MDS: Vulnerable: Clear CPU buffers attempted, no microcode\r\n[    2.197163] Freeing SMP alternatives memory: 12K\r\n[    2.198861] smpboot: SMP disabled\r\n[    2.202778] Performance Events: PEBS f"]
[56.693717435,"o","mt1+, IvyBridge events, 16-deep LBR, full-width counters, Intel PMU driver.\r\n[    2.206659] ... version:                3\r\n[    2.210654] ... bit width:              48\r\n[    2.214655] ... generic registers:      4\r\n[    2.218654] ... value mask:             0000ffffffffffff\r\n[    2.222654] ... max period:             00007fffffffffff\r\n[    2.226654] ... fixed-purpose events:   3\r\n[    2.230654] ... event mask:             000000070000000f\r\n[    2.234696] rcu: Hierarchical SRCU implementatio"]
[56.784957805,"o","n.\r\n[    2.239112] NMI watchdog: Enabled. Permanently consumes one hw-PMU counter.\r\n[    2.242686] smp: Bringing up secondary CPUs ...\r\n[    2.246655] smp: Brought up 1 node, 1 CPU\r\n[    2.250655] smpboot: Max logical packages: 40\r\n[    2.254654] smpboot: Total of 1 processors activated (5599.99 BogoMIPS)\r\n[    2.263086] devtmpfs: initialized\r\n[    2.266806] clocksource: jiffies: mask: 0xffffffff max_cycles: 0xffffffff, max_idle_ns: 7645041785100000 ns\r\n[    2.270657] futex hash table entrie"]
[56.871871282,"o","s: 16 (order: -2, 1024 bytes)\r\n[    2.274776] NET: Registered protocol family 16\r\n[    2.278767] cpuidle: using governor menu\r\n[    2.282698] ACPI: bus type PCI registered\r\n[    2.286666] PCI: MMCONFIG for domain 0000 [bus 00-ff] at [mem 0x80000000-0x8fffffff] (base 0x80000000)\r\n[    2.290657] PCI: MMCONFIG at [mem 0x80000000-0x8fffffff] reserved in E820\r\n[    2.294658] pmd_set_huge: Cannot satisfy [mem 0x80000000-0x80200000] with a huge-page mapping due to MTRR override.\r\n[    2.299025] PCI"]
[56.959086881,"o",": Using configuration type 1 for base access\r\n[    2.302690] core: PMU erratum BJ122, BV98, HSD29 workaround disabled, HT off\r\n[    2.307499] HugeTLB registered 2.00 MiB page size, pre-allocated 0 pages\r\n[    2.310693] cryptd: max_cpu_qlen set to 1000\r\n[    2.314712] ACPI: Added _OSI(Module Device)\r\n[    2.318658] ACPI: Added _OSI(Processor Device)\r\n[    2.322655] ACPI: Added _OSI(3.0 _SCP Extensions)\r\n[    2.326654] ACPI: Added _OSI(Processor Aggregator Device)\r\n[    2.330666] ACPI: Added _"]
[56.995598533,"o","OSI(Linux-Dell-Video)\r\n[    2.334654] ACPI: Added _OSI(Linux-Lenovo-NV-HDMI-Audio)\r\n[    2.338654] ACPI: Added _OSI(Linux-HPI-Hybrid-Graphics)\r\n"]
[57.155586318,"o","[    2"]
[57.181582359,"o",".512887] ACPI: 2 ACPI AML tables successfully acquired and loaded\r\n"]
[57.197581162,"o","[    2.539492] ACPI: Interpreter"]
[57.256591508,"o"," enabled\r\n[    2.542661] ACPI: (supports S0 S5)\r\n[    2.546655] ACPI: Using PIC for interrupt routing\r\n[    2.550682] PCI: Using host bridge windows from ACPI; if necessary, use \"pci=nocrs\" and report a bug\r\n[    2.555369] ACPI: Enabled 5 GPEs in block 00 to 3F\r\n"]
[57.272586004,"o","[    2.580555] ACPI: PCI Root Bridge ["]
[57.359087254,"o","PCI0] (domain 0000 [bus 00-7e])\r\n[    2.582660] acpi PNP0A08:00: _OSC: OS supports [ExtendedConfig Segments MSI]\r\n[    2.586757] acpi PNP0A08:00: PCIe port services disabled; not requesting _OSC control\r\n[    2.590901] PCI host bridge to bus 0000:00\r\n[    2.594657] pci_bus 0000:00: root bus resource [io  0x0000-0x03af window]\r\n[    2.598655] pci_bus 0000:00: root bus resource [io  0x03e0-0x0cf7 window]\r\n[    2.602655] pci_bus 0000:00: root bus resource [io  0x03b0-0x03df window]\r\n[    2.6066"]
[57.450613124,"o","55] pci_bus 0000:00: root bus resource [io  0x0d00-0x9fff window]\r\n[    2.610655] pci_bus 0000:00: root bus resource [mem 0x000a0000-0x000bffff window]\r\n[    2.614654] pci_bus 0000:00: root bus resource [mem 0x000c0000-0x000dffff window]\r\n[    2.618655] pci_bus 0000:00: root bus resource [mem 0x80000000-0xdfffffff window]\r\n[    2.622656] pci_bus 0000:00: root bus resource [bus 00-7e]\r\n[    2.627758] pci 0000:00:03.0: enabling Extended Tags\r\n[    2.635906] pci 0000:00:01.0: PCI bridge t"]
[57.540716081,"o","o [bus 01]\r\n[    2.638727] pci 0000:00:02.0: PCI bridge to [bus 02]\r\n[    2.642721] pci 0000:00:02.1: PCI bridge to [bus 03]\r\n[    2.646723] pci 0000:00:02.2: PCI bridge to [bus 04]\r\n[    2.650723] pci 0000:00:02.3: PCI bridge to [bus 05]\r\n[    2.654727] pci 0000:00:03.0: PCI bridge to [bus 06]\r\n[    2.658723] pci 0000:00:03.1: PCI bridge to [bus 07]\r\n[    2.665913] pci 0000:00:03.2: PCI bridge to [bus 08]\r\n[    2.666730] pci 0000:00:03.3: PCI bridge to [bus 09]\r\n[    2.670785] pci 0000:0a:0"]
[57.628467456,"o","0.0: enabling Extended Tags\r\n[    2.674749] pci 0000:0a:00.0: VF(n) BAR0 space: [mem 0xdf400000-0xdf47bfff 64bit pref] (contains BAR0 for 31 VFs)\r\n[    2.678811] pci 0000:00:11.0: PCI bridge to [bus 0a]\r\n[    2.682759] pci 0000:00:1c.0: PCI bridge to [bus 0b]\r\n[    2.687092] pci 0000:00:1c.6: PCI bridge to [bus 0c]\r\n[    2.690681] pci_bus 0000:0d: extended config space not accessible\r\n[    2.694698] pci 0000:00:1e.0: PCI bridge to [bus 0d] (subtractive decode)\r\n[    2.699279] ACPI: PCI Root "]
[57.717230556,"o","Bridge [UNC0] (domain 0000 [bus 7f])\r\n[    2.702658] acpi PNP0A03:00: _OSC: OS supports [ExtendedConfig Segments MSI]\r\n[    2.706665] acpi PNP0A03:00: PCIe port services disabled; not requesting _OSC control\r\n[    2.710704] PCI host bridge to bus 0000:7f\r\n[    2.714656] pci_bus 0000:7f: root bus resource [bus 7f]\r\n[    2.721131] ACPI: PCI Root Bridge [PCI1] (domain 0000 [bus 80-fe])\r\n[    2.722658] acpi PNP0A08:01: _OSC: OS supports [ExtendedConfig Segments MSI]\r\n[    2.726755] acpi PNP0A08:"]
[57.805878676,"o","01: PCIe port services disabled; not requesting _OSC control\r\n[    2.730823] PCI host bridge to bus 0000:80\r\n[    2.734656] pci_bus 0000:80: root bus resource [io  0xa000-0xffff window]\r\n[    2.738655] pci_bus 0000:80: root bus resource [mem 0xe0000000-0xfbffffff window]\r\n[    2.742655] pci_bus 0000:80: root bus resource [bus 80-fe]\r\n[    2.748766] pci 0000:80:00.0: PCI bridge to [bus 81]\r\n[    2.750750] ACPI: PCI Root Bridge [UNC1] (domain 0000 [bus ff])\r\n[    2.754657] acpi PNP0A03:01: _OS"]
[57.895093052,"o","C: OS supports [ExtendedConfig Segments MSI]\r\n[    2.758664] acpi PNP0A03:01: PCIe port services disabled; not requesting _OSC control\r\n[    2.762704] PCI host bridge to bus 0000:ff\r\n[    2.766655] pci_bus 0000:ff: root bus resource [bus ff]\r\n[    2.773506] ACPI: PCI Interrupt Link [LNKA] (IRQs 3 4 5 6 7 10 11 12 14 15) *0, disabled.\r\n[    2.774713] ACPI: PCI Interrupt Link [LNKB] (IRQs 3 4 5 6 7 10 11 12 14 15) *0, disabled.\r\n[    2.778711] ACPI: PCI Interrupt Link [LNKC] (IRQs 3 4 5 6 10 1"]
[57.981731085,"o","1 12 14 15) *0, disabled.\r\n[    2.782712] ACPI: PCI Interrupt Link [LNKD] (IRQs 3 4 5 6 10 11 12 14 15) *0, disabled.\r\n[    2.786711] ACPI: PCI Interrupt Link [LNKE] (IRQs 3 4 5 6 7 10 11 12 14 15) *0, disabled.\r\n[    2.790711] ACPI: PCI Interrupt Link [LNKF] (IRQs 3 4 5 6 7 10 11 12 14 15) *0, disabled.\r\n[    2.794711] ACPI: PCI Interrupt Link [LNKG] (IRQs 3 4 5 6 7 10 11 12 14 15) *0, disabled.\r\n[    2.798711] ACPI: PCI Interrupt Link [LNKH] (IRQs 3 4 5 6 7 10 11 12 14 15) *0, disabled.\r\n["]
[58.068222649,"o","    2.802928] APIC: NR_CPUS/possible_cpus limit of 1 reached. Processor 1/0x1 ignored.\r\n[    2.806655] ACPI: Unable to map lapic to logical cpu number\r\n[    2.810760] APIC: NR_CPUS/possible_cpus limit of 1 reached. Processor 2/0x2 ignored.\r\n[    2.814656] ACPI: Unable to map lapic to logical cpu number\r\n[    2.818765] APIC: NR_CPUS/possible_cpus limit of 1 reached. Processor 3/0x3 ignored.\r\n[    2.822656] ACPI: Unable to map lapic to logical cpu number\r\n[    2.826764] APIC: NR_CPUS/possible_"]
[58.154723993,"o","cpus limit of 1 reached. Processor 4/0x4 ignored.\r\n[    2.830656] ACPI: Unable to map lapic to logical cpu number\r\n[    2.834763] APIC: NR_CPUS/possible_cpus limit of 1 reached. Processor 5/0x5 ignored.\r\n[    2.838655] ACPI: Unable to map lapic to logical cpu number\r\n[    2.842762] APIC: NR_CPUS/possible_cpus limit of 1 reached. Processor 6/0x6 ignored.\r\n[    2.846656] ACPI: Unable to map lapic to logical cpu number\r\n[    2.850763] APIC: NR_CPUS/possible_cpus limit of 1 reached. Processor 7/"]
[58.241290609,"o","0x7 ignored.\r\n[    2.854655] ACPI: Unable to map lapic to logical cpu number\r\n[    2.858762] APIC: NR_CPUS/possible_cpus limit of 1 reached. Processor 8/0x8 ignored.\r\n[    2.862655] ACPI: Unable to map lapic to logical cpu number\r\n[    2.866762] APIC: NR_CPUS/possible_cpus limit of 1 reached. Processor 9/0x9 ignored.\r\n[    2.870655] ACPI: Unable to map lapic to logical cpu number\r\n[    2.874762] APIC: NR_CPUS/possible_cpus limit of 1 reached. Processor 10/0x10 ignored.\r\n[    2.878655] ACPI: "]
[58.32775395,"o","Unable to map lapic to logical cpu number\r\n[    2.882761] APIC: NR_CPUS/possible_cpus limit of 1 reached. Processor 11/0x11 ignored.\r\n[    2.886655] ACPI: Unable to map lapic to logical cpu number\r\n[    2.890764] APIC: NR_CPUS/possible_cpus limit of 1 reached. Processor 12/0x12 ignored.\r\n[    2.894655] ACPI: Unable to map lapic to logical cpu number\r\n[    2.898763] APIC: NR_CPUS/possible_cpus limit of 1 reached. Processor 13/0x13 ignored.\r\n[    2.902655] ACPI: Unable to map lapic to logical "]
[58.414371997,"o","cpu number\r\n[    2.906762] APIC: NR_CPUS/possible_cpus limit of 1 reached. Processor 14/0x14 ignored.\r\n[    2.910655] ACPI: Unable to map lapic to logical cpu number\r\n[    2.914763] APIC: NR_CPUS/possible_cpus limit of 1 reached. Processor 15/0x15 ignored.\r\n[    2.918655] ACPI: Unable to map lapic to logical cpu number\r\n[    2.922763] APIC: NR_CPUS/possible_cpus limit of 1 reached. Processor 16/0x16 ignored.\r\n[    2.926655] ACPI: Unable to map lapic to logical cpu number\r\n[    2.930761] APIC"]
[58.501393281,"o",": NR_CPUS/possible_cpus limit of 1 reached. Processor 17/0x17 ignored.\r\n[    2.934655] ACPI: Unable to map lapic to logical cpu number\r\n[    2.938762] APIC: NR_CPUS/possible_cpus limit of 1 reached. Processor 18/0x18 ignored.\r\n[    2.942655] ACPI: Unable to map lapic to logical cpu number\r\n[    2.946761] APIC: NR_CPUS/possible_cpus limit of 1 reached. Processor 19/0x19 ignored.\r\n[    2.950655] ACPI: Unable to map lapic to logical cpu number\r\n[    2.955255] APIC: NR_CPUS/possible_cpus limit o"]
[58.587749483,"o","f 1 reached. Processor 20/0x20 ignored.\r\n[    2.958656] ACPI: Unable to map lapic to logical cpu number\r\n[    2.962763] APIC: NR_CPUS/possible_cpus limit of 1 reached. Processor 21/0x21 ignored.\r\n[    2.966655] ACPI: Unable to map lapic to logical cpu number\r\n[    2.970763] APIC: NR_CPUS/possible_cpus limit of 1 reached. Processor 22/0x22 ignored.\r\n[    2.974656] ACPI: Unable to map lapic to logical cpu number\r\n[    2.978763] APIC: NR_CPUS/possible_cpus limit of 1 reached. Processor 23/0x23 "]
[58.674374301,"o","ignored.\r\n[    2.982655] ACPI: Unable to map lapic to logical cpu number\r\n[    2.986762] APIC: NR_CPUS/possible_cpus limit of 1 reached. Processor 24/0x24 ignored.\r\n[    2.990655] ACPI: Unable to map lapic to logical cpu number\r\n[    2.994763] APIC: NR_CPUS/possible_cpus limit of 1 reached. Processor 25/0x25 ignored.\r\n[    2.998655] ACPI: Unable to map lapic to logical cpu number\r\n[    3.002762] APIC: NR_CPUS/possible_cpus limit of 1 reached. Processor 26/0x26 ignored.\r\n[    3.006655] ACPI: "]
[58.760952737,"o","Unable to map lapic to logical cpu number\r\n[    3.010761] APIC: NR_CPUS/possible_cpus limit of 1 reached. Processor 27/0x27 ignored.\r\n[    3.014655] ACPI: Unable to map lapic to logical cpu number\r\n[    3.018764] APIC: NR_CPUS/possible_cpus limit of 1 reached. Processor 28/0x28 ignored.\r\n[    3.022655] ACPI: Unable to map lapic to logical cpu number\r\n[    3.026765] APIC: NR_CPUS/possible_cpus limit of 1 reached. Processor 29/0x29 ignored.\r\n[    3.030655] ACPI: Unable to map lapic to logical "]
[58.847559061,"o","cpu number\r\n[    3.034762] APIC: NR_CPUS/possible_cpus limit of 1 reached. Processor 30/0x30 ignored.\r\n[    3.038655] ACPI: Unable to map lapic to logical cpu number\r\n[    3.042763] APIC: NR_CPUS/possible_cpus limit of 1 reached. Processor 31/0x31 ignored.\r\n[    3.046655] ACPI: Unable to map lapic to logical cpu number\r\n[    3.050763] APIC: NR_CPUS/possible_cpus limit of 1 reached. Processor 32/0x32 ignored.\r\n[    3.054655] ACPI: Unable to map lapic to logical cpu number\r\n[    3.058763] APIC"]
[58.934055932,"o",": NR_CPUS/possible_cpus limit of 1 reached. Processor 33/0x33 ignored.\r\n[    3.062655] ACPI: Unable to map lapic to logical cpu number\r\n[    3.066762] APIC: NR_CPUS/possible_cpus limit of 1 reached. Processor 34/0x34 ignored.\r\n[    3.070655] ACPI: Unable to map lapic to logical cpu number\r\n[    3.074762] APIC: NR_CPUS/possible_cpus limit of 1 reached. Processor 35/0x35 ignored.\r\n[    3.078655] ACPI: Unable to map lapic to logical cpu number\r\n[    3.082764] APIC: NR_CPUS/possible_cpus limit o"]
[59.020574419,"o","f 1 reached. Processor 36/0x36 ignored.\r\n[    3.086655] ACPI: Unable to map lapic to logical cpu number\r\n[    3.090764] APIC: NR_CPUS/possible_cpus limit of 1 reached. Processor 37/0x37 ignored.\r\n[    3.094655] ACPI: Unable to map lapic to logical cpu number\r\n[    3.098762] APIC: NR_CPUS/possible_cpus limit of 1 reached. Processor 38/0x38 ignored.\r\n[    3.102655] ACPI: Unable to map lapic to logical cpu number\r\n[    3.106763] APIC: NR_CPUS/possible_cpus limit of 1 reached. Processor 39/0x39 "]
[59.107434108,"o","ignored.\r\n[    3.110655] ACPI: Unable to map lapic to logical cpu number\r\n[    3.115349] SCSI subsystem initialized\r\n[    3.118666] ACPI: bus type USB registered\r\n[    3.122672] usbcore: registered new interface driver usbfs\r\n[    3.126664] usbcore: registered new interface driver hub\r\n[    3.130663] usbcore: registered new device driver usb\r\n[    3.134672] pps_core: LinuxPPS API ver. 1 registered\r\n[    3.138654] pps_core: Software ver. 5.3.6 - Copyright 2005-2007 Rodolfo Giometti \u003cgiometti@"]
[59.201573818,"o","linux.it\u003e\r\n[    3.142657] PTP clock support registered\r\n[    3.146663] Registered efivars operations\r\n[    3.153687] PCI: Using ACPI for IRQ routing\r\n[    3.159238] clocksource: Switched to clocksource tsc-early\r\n[    3.169647] *** VALIDATE hugetlbfs ***\r\n[    3.177176] pnp: PnP ACPI init\r\n[    3.183353] system 00:00: [mem 0xfc000000-0xfcffffff] has been reserved\r\n[    3.196557] system 00:00: [mem 0xfd000000-0xfdffffff] has been reserved\r\n[    3.209762] system 00:00: [mem 0xfe000000-0xfeafff"]
[59.288857195,"o","ff] has been reserved\r\n[    3.222970] system 00:00: [mem 0xfeb00000-0xfebfffff] has been reserved\r\n[    3.236176] system 00:00: [mem 0xfed00400-0xfed3ffff] could not be reserved\r\n[    3.250078] system 00:00: [mem 0xfed45000-0xfedfffff] has been reserved\r\n[    3.263593] system 00:01: [io  0x0a00-0x0a3f] has been reserved\r\n[    3.275824] system 00:04: [io  0x04d0-0x04d1] has been reserved\r\n[    3.287958] system 00:07: [io  0x0400-0x0453] has been reserved\r\n[    3.299775] system 00:07: [io  0x0"]
[59.37508501,"o","458-0x047f] has been reserved\r\n[    3.311596] system 00:07: [io  0x1180-0x119f] has been reserved\r\n[    3.323417] system 00:07: [io  0x0500-0x057f] has been reserved\r\n[    3.335238] system 00:07: [mem 0xfed1c000-0xfed1ffff] has been reserved\r\n[    3.348444] system 00:07: [mem 0xfec00000-0xfecfffff] has been reserved\r\n[    3.361653] system 00:07: [mem 0xfed08000-0xfed08fff] has been reserved\r\n[    3.374862] system 00:07: [mem 0xff000000-0xffffffff] has been reserved\r\n[    3.388178] system 00:"]
[59.401579523,"o","08: [io  0x0454-0x0457] has been reserved\r\n[    3.400487] pnp: PnP ACPI: found 10 devices\r\n[    3.413441] clocksource: acp"]
[59.487701284,"o","i_pm: mask: 0xffffff max_cycles: 0xffffff, max_idle_ns: 2085701024 ns\r\n[    3.431212] pci 0000:00:02.0: BAR 14: assigned [mem 0x90000000-0x901fffff]\r\n[    3.444944] pci 0000:00:02.0: BAR 15: assigned [mem 0x90200000-0x903fffff 64bit pref]\r\n[    3.460576] pci 0000:00:02.1: BAR 14: assigned [mem 0x90400000-0x905fffff]\r\n[    3.474305] pci 0000:00:02.1: BAR 15: assigned [mem 0x90600000-0x907fffff 64bit pref]\r\n[    3.489938] pci 0000:00:02.2: BAR 14: assigned [mem 0x90800000-0x909fffff]\r\n[    3.5"]
[59.57382333,"o","03669] pci 0000:00:02.2: BAR 15: assigned [mem 0x90a00000-0x90bfffff 64bit pref]\r\n[    3.519301] pci 0000:00:02.3: BAR 14: assigned [mem 0x90c00000-0x90dfffff]\r\n[    3.533031] pci 0000:00:02.3: BAR 15: assigned [mem 0x90e00000-0x90ffffff 64bit pref]\r\n[    3.548663] pci 0000:00:03.0: BAR 14: assigned [mem 0x91000000-0x911fffff]\r\n[    3.562394] pci 0000:00:03.0: BAR 15: assigned [mem 0x91200000-0x913fffff 64bit pref]\r\n[    3.578026] pci 0000:00:03.1: BAR 14: assigned [mem 0x91400000-0x915fffff"]
[59.660079243,"o","]\r\n[    3.591756] pci 0000:00:03.1: BAR 15: assigned [mem 0x91600000-0x917fffff 64bit pref]\r\n[    3.607390] pci 0000:00:03.3: BAR 14: assigned [mem 0x91800000-0x919fffff]\r\n[    3.621119] pci 0000:00:03.3: BAR 15: assigned [mem 0x91a00000-0x91bfffff 64bit pref]\r\n[    3.636750] pci 0000:00:02.0: BAR 13: assigned [io  0x2000-0x2fff]\r\n[    3.649094] pci 0000:00:02.1: BAR 13: assigned [io  0x3000-0x3fff]\r\n[    3.661432] pci 0000:00:02.2: BAR 13: assigned [io  0x4000-0x4fff]\r\n[    3.673774] pci 00"]
[59.746206067,"o","00:00:02.3: BAR 13: assigned [io  0x5000-0x5fff]\r\n[    3.686116] pci 0000:00:03.0: BAR 13: assigned [io  0x6000-0x6fff]\r\n[    3.698456] pci 0000:00:03.1: BAR 13: no space for [io  size 0x1000]\r\n[    3.711145] pci 0000:00:03.1: BAR 13: failed to assign [io  size 0x1000]\r\n[    3.724527] pci 0000:00:03.2: BAR 13: no space for [io  size 0x1000]\r\n[    3.737213] pci 0000:00:03.2: BAR 13: failed to assign [io  size 0x1000]\r\n[    3.750597] pci 0000:00:03.3: BAR 13: no space for [io  size 0x1000]\r\n[ "]
[59.832450122,"o","   3.763283] pci 0000:00:03.3: BAR 13: failed to assign [io  size 0x1000]\r\n[    3.776668] pci 0000:00:03.3: BAR 13: assigned [io  0x2000-0x2fff]\r\n[    3.789005] pci 0000:00:03.2: BAR 13: assigned [io  0x3000-0x3fff]\r\n[    3.801347] pci 0000:00:03.1: BAR 13: assigned [io  0x4000-0x4fff]\r\n[    3.813689] pci 0000:00:03.0: BAR 13: assigned [io  0x5000-0x5fff]\r\n[    3.826029] pci 0000:00:02.3: BAR 13: assigned [io  0x6000-0x6fff]\r\n[    3.838371] pci 0000:00:02.2: BAR 13: no space for [io  size 0x"]
[59.918704027,"o","1000]\r\n[    3.851058] pci 0000:00:02.2: BAR 13: failed to assign [io  size 0x1000]\r\n[    3.864440] pci 0000:00:02.1: BAR 13: no space for [io  size 0x1000]\r\n[    3.877126] pci 0000:00:02.1: BAR 13: failed to assign [io  size 0x1000]\r\n[    3.890509] pci 0000:00:02.0: BAR 13: no space for [io  size 0x1000]\r\n[    3.903198] pci 0000:00:02.0: BAR 13: failed to assign [io  size 0x1000]\r\n[    3.916579] pci 0000:00:01.0: PCI bridge to [bus 01]\r\n[    3.926501] pci 0000:00:02.0: PCI bridge to [bus 02]"]
[60.004858985,"o","\r\n[    3.936412] pci 0000:00:02.0:   bridge window [mem 0x90000000-0x901fffff]\r\n[    3.949965] pci 0000:00:02.0:   bridge window [mem 0x90200000-0x903fffff 64bit pref]\r\n[    3.965427] pci 0000:00:02.1: PCI bridge to [bus 03]\r\n[    3.975339] pci 0000:00:02.1:   bridge window [mem 0x90400000-0x905fffff]\r\n[    3.988893] pci 0000:00:02.1:   bridge window [mem 0x90600000-0x907fffff 64bit pref]\r\n[    4.004358] pci 0000:00:02.2: PCI bridge to [bus 04]\r\n[    4.014270] pci 0000:00:02.2:   bridge wind"]
[60.091077832,"o","ow [mem 0x90800000-0x909fffff]\r\n[    4.027824] pci 0000:00:02.2:   bridge window [mem 0x90a00000-0x90bfffff 64bit pref]\r\n[    4.043287] pci 0000:00:02.3: PCI bridge to [bus 05]\r\n[    4.053200] pci 0000:00:02.3:   bridge window [io  0x6000-0x6fff]\r\n[    4.065368] pci 0000:00:02.3:   bridge window [mem 0x90c00000-0x90dfffff]\r\n[    4.078923] pci 0000:00:02.3:   bridge window [mem 0x90e00000-0x90ffffff 64bit pref]\r\n[    4.094386] pci 0000:00:03.0: PCI bridge to [bus 06]\r\n[    4.104298] pci 0000:"]
[60.177226207,"o","00:03.0:   bridge window [io  0x5000-0x5fff]\r\n[    4.116467] pci 0000:00:03.0:   bridge window [mem 0x91000000-0x911fffff]\r\n[    4.130023] pci 0000:00:03.0:   bridge window [mem 0x91200000-0x913fffff 64bit pref]\r\n[    4.145486] pci 0000:00:03.1: PCI bridge to [bus 07]\r\n[    4.155396] pci 0000:00:03.1:   bridge window [io  0x4000-0x4fff]\r\n[    4.167567] pci 0000:00:03.1:   bridge window [mem 0x91400000-0x915fffff]\r\n[    4.181119] pci 0000:00:03.1:   bridge window [mem 0x91600000-0x917fffff 64"]
[60.263464222,"o","bit pref]\r\n[    4.196582] pci 0000:00:03.2: PCI bridge to [bus 08]\r\n[    4.206495] pci 0000:00:03.2:   bridge window [io  0x3000-0x3fff]\r\n[    4.218666] pci 0000:00:03.2:   bridge window [mem 0xdfb00000-0xdfcfffff]\r\n[    4.232217] pci 0000:00:03.2:   bridge window [mem 0xde800000-0xdeffffff 64bit pref]\r\n[    4.247682] pci 0000:00:03.3: PCI bridge to [bus 09]\r\n[    4.257593] pci 0000:00:03.3:   bridge window [io  0x2000-0x2fff]\r\n[    4.269763] pci 0000:00:03.3:   bridge window [mem 0x91800000"]
[60.349704387,"o","-0x919fffff]\r\n[    4.283317] pci 0000:00:03.3:   bridge window [mem 0x91a00000-0x91bfffff 64bit pref]\r\n[    4.298780] pci 0000:00:11.0: PCI bridge to [bus 0a]\r\n[    4.308695] pci 0000:00:11.0:   bridge window [io  0x8000-0x8fff]\r\n[    4.320865] pci 0000:00:11.0:   bridge window [mem 0xdfe00000-0xdfefffff]\r\n[    4.334416] pci 0000:00:11.0:   bridge window [mem 0xdf000000-0xdf4fffff 64bit pref]\r\n[    4.349881] pci 0000:00:1c.0: PCI bridge to [bus 0b]\r\n[    4.359806] pci 0000:00:1c.6: PCI bridg"]
[60.436336672,"o","e to [bus 0c]\r\n[    4.369723] pci 0000:00:1c.6:   bridge window [io  0x7000-0x7fff]\r\n[    4.381894] pci 0000:00:1c.6:   bridge window [mem 0xdfd00000-0xdfdfffff]\r\n[    4.395451] pci 0000:00:1e.0: PCI bridge to [bus 0d]\r\n[    4.405531] pci 0000:80:00.0: PCI bridge to [bus 81]\r\n[    4.415498] NET: Registered protocol family 2\r\n[    4.424305] tcp_listen_portaddr_hash hash table entries: 32768 (order: 7, 524288 bytes)\r\n[    4.440402] TCP established hash table entries: 524288 (order: 10, 4194304"]
[60.524322787,"o"," bytes)\r\n[    4.456105] TCP bind hash table entries: 65536 (order: 8, 1048576 bytes)\r\n[    4.469666] TCP: Hash tables configured (established 524288 bind 65536)\r\n[    4.482945] UDP hash table entries: 32768 (order: 8, 1048576 bytes)\r\n[    4.495655] UDP-Lite hash table entries: 32768 (order: 8, 1048576 bytes)\r\n[    4.509248] NET: Registered protocol family 1\r\n[    4.518005] pci 0000:00:1a.0: enabling device (0000 -\u003e 0002)\r\n[    4.529467] PCI Interrupt Link [LNKA] enabled at IRQ 11\r\n[    4.540"]
[60.604579342,"o","000] pci 0000:00:1a.0: quirk_usb_early_handoff+0x0/0x625 took 21479 usecs\r\n[    4.554784] pci 0000:00:1d.0: enabling device (0000 -\u003e 0002)\r\n[    4.566203] PCI Interrupt Link [LNKH] enabled at IRQ 10\r\n[    4.576719] pci 0000:00:1d.0: quirk_usb_early_handoff+0x0/0x625 took 21422 usecs\r\n[    4.591648] JVDG in populate_rootfs: initrd 0xffff888079eb3018\r\n[    4.603290] Trying to unpack rootfs image as initramfs...\r\n"]
[61.068577637,"o","[    5.080005] WARNING: CPU: 0 PID"]
